a1PARTITION PAR COUPURE D'UN ARBRE HIERARCHIQUE            
b2RECHERCHE DES MEILLEURES PARTITIONS
c2RECHERCHE DES PALIERS
 e+--------------+-----------+------------------------------------------------------+
 e|    PALIER    | VALEUR DU |                                                      |
 e|     ENTRE    |   PALIER  |                                                      |
 e+--------------+-----------+------------------------------------------------------+
  |   425--   426|  -3176.28 | **************************************************** |
  |   422--   423|   -772.85 | *************                                        |
 f+--------------+-----------+------------------------------------------------------+
Z 
p
c2LISTE DES   2 MEILLEURE(S) PARTITION(S) ENTRE 3 ET 10 CLASSES
    1 - PARTITION EN   3 CLASSES
    2 - PARTITION EN   6 CLASSES
Z 
Z 
b2Coupure 'a' de l'arbre en  3 classes                        
c2FORMATION DES CLASSES (INDIVIDUS ACTIFS)
d2DESCRIPTION SOMMAIRE
 e+--------+----------+-----------+-----------+
 e| CLASSE | EFFECTIF |   POIDS   |  CONTENU  |
 e+--------+----------+-----------+-----------+
  |  aa1a  |     87   |    87.00  |   1 A  87 |
  |  aa2a  |    114   |   114.00  |  88 A 201 |
  |  aa3a  |     13   |    13.00  | 202 A 214 |
 f+--------+----------+-----------+-----------+
Z 
p 
d2COORDONNEES ET VALEURS-TEST AVANT CONSOLIDATION
e2AXES  1 A  5
 e+---------------------------------------------+-------------------------------+------------------------------------+----------+
 e|                   CLASSES                   |          VALEURS-TEST         |             COORDONNEES            |          |
 e|---------------------------------------------|-------------------------------|------------------------------------|----------|
 e| IDEN - LIBELLE               EFF.    P.ABS  |   1     2     3     4     5   |    1      2      3      4      5   |  DISTO.  |
 e+---------------------------------------------+-------------------------------+------------------------------------+----------+
  |   Coupure 'a' de l'arbre en  3 classes                                                                                      |
  |                                                                                                                             |
  | aa1a - Classe  1 /  3         87     87.00  |   4.0  11.6  -0.4   0.4  -4.0 |   1.05   2.28  -0.05   0.05  -0.47 |     6.55 |
  | aa2a - Classe  2 /  3        114    114.00  |  -9.6  -8.6   1.3  -0.2   3.0 |  -1.97  -1.30   0.15  -0.03   0.27 |     5.71 |
  | aa3a - Classe  3 /  3         13     13.00  |  11.9  -6.0  -2.0  -0.2   2.0 |  10.29  -3.80  -0.97  -0.10   0.77 |   122.08 |
 f+---------------------------------------------+-------------------------------+------------------------------------+----------+
Z 
Z 
p 
d2CONSOLIDATION DE LA PARTITION
 EAUTOUR DES   3 CENTRES DE CLASSES, REALISEE PAR 10 ITERATIONS A CENTRES MOBILES
 EPROGRESSION DE L'INERTIE INTER-CLASSES
 e+-----------+------------+------------+------------+
 e| ITERATION |   I.TOTALE |    I.INTER |  QUOTIENT  |
 e+-----------+------------+------------+------------+
  |     0     |   32.01057 |   13.11673 |   0.40976  |
  |     1     |   32.01057 |   13.17051 |   0.41144  |
  |     2     |   32.01057 |   13.17051 |   0.41144  |
  |     3     |   32.01057 |   13.17051 |   0.41144  |
 f+-----------+------------+------------+------------+
 FARRET APRES L'ITERATION  3 L'ACCROISSEMENT DE L'INERTIE INTER-CLASSES
 FPAR RAPPORT A L'ITERATION PRECEDENTE N'EST QUE DE 0.000 %.
Z 
p 
d2DECOMPOSITION DE L'INERTIE
 ECALCULEE SUR  11 AXES.
 e+----------------+-----------------+-------------+-------------------+-----------------+
 e|                |    INERTIES     |  EFFECTIFS  |       POIDS       |    DISTANCES    |
 e| INERTIES       | AVANT    APRES  | AVANT APRES |   AVANT    APRES  |  AVANT   APRES  |
 e+----------------+-----------------+-------------+-------------------+-----------------+
  |                |                 |             |                   |                 |
  | INTER-CLASSES  |13.1167  13.1705 |             |                   |                 |
  |                |                 |             |                   |                 |
  | INTRA-CLASSE   |                 |             |                   |                 |
  |                |                 |             |                   |                 |
  | CLASSE  1 /  3 | 8.7838   8.5345 |   87     85 |    87.00    85.00 | 6.5456   7.0072 |
  | CLASSE  2 /  3 | 6.5840   6.7796 |  114    116 |   114.00   116.00 | 5.7058   5.4813 |
  | CLASSE  3 /  3 | 3.5260   3.5260 |   13     13 |    13.00    13.00 |******* 122.0807 |
  |                |                 |             |                   |                 |
  |  TOTALE        |32.0106  32.0106 |             |                   |                 |
 f+----------------+-----------------+-------------+-------------------+-----------------+
 FQUOTIENT (INERTIE INTER / INERTIE TOTALE) : AVANT ... 0.4098
 F                                            APRES ... 0.4114
Z 
p 
d2COORDONNEES ET VALEURS-TEST APRES CONSOLIDATION
e2AXES  1 A  5
 e+---------------------------------------------+-------------------------------+------------------------------------+----------+
 e|                   CLASSES                   |          VALEURS-TEST         |             COORDONNEES            |          |
 e|---------------------------------------------|-------------------------------|------------------------------------|----------|
 e| IDEN - LIBELLE               EFF.    P.ABS  |   1     2     3     4     5   |    1      2      3      4      5   |  DISTO.  |
 e+---------------------------------------------+-------------------------------+------------------------------------+----------+
  |   Coupure 'a' de l'arbre en  3 classes                                                                                      |
  |                                                                                                                             |
  | aa1a - Classe  1 /  3         85     85.00  |   3.8  11.9  -0.1   0.4  -4.1 |   1.03   2.38  -0.02   0.05  -0.49 |     7.01 |
  | aa2a - Classe  2 /  3        116    116.00  |  -9.5  -8.9   1.1  -0.3   3.1 |  -1.91  -1.32   0.13  -0.03   0.27 |     5.48 |
  | aa3a - Classe  3 /  3         13     13.00  |  11.9  -6.0  -2.0  -0.2   2.0 |  10.29  -3.80  -0.97  -0.10   0.77 |   122.08 |
 f+---------------------------------------------+-------------------------------+------------------------------------+----------+
Z 
Z 
p 
d2PARANGONS
e2CLASSE   1/  3
 EEFFECTIF:   85
 e------------------------------------------------------------------------------
 e|RK | DISTANCE  | IDENT.                                                     |
 e+---+-----------+------------------------------------------------------------+
  |  1|    2.26627|TROUT,MIXED SPECIES,RAW                                     |
  |  2|    2.38639|CROAKER,ATLANTIC,RAW                                        |
  |  3|    2.49152|SCUP,RAW                                                    |
  |  4|    2.61244|VEAL,SHLDR,WHL (ARM&BLD),LN&FAT,RAW                         |
  |  5|    2.69962|SMELT,RAINBOW,RAW                                           |
  |  6|    2.81862|MULLET,STRIPED,RAW                                          |
  |  7|    3.11804|DUCK,DOMESTICATED,MEAT ONLY,RAW                             |
  |  8|    3.16602|Turkey from whole, dark meat, meat only, raw                |
  |  9|    3.18394|LAMB,DOM,LEG,WHL (SHK&SIRL),LN&FAT,1/4'FAT,CHOIC,CKD,RSTD   |
  | 10|    3.34021|CATFISH,CHANNEL,FARMED,RAW                                  |
 f+---+-----------+------------------------------------------------------------+
Z 
e2CLASSE   2/  3
 EEFFECTIF:  116
 e------------------------------------------------------------------------------
 e|RK | DISTANCE  | IDENT.                                                     |
 e+---+-----------+------------------------------------------------------------+
  |  1|    0.62205|BEANS,SNAP,GREEN,RAW                                        |
  |  2|    0.76317|CABBAGE,SAVOY,RAW                                           |
  |  3|    0.85826|FENNEL,BULB,RAW                                             |
  |  4|    1.04642|KOHLRABI,RAW                                                |
  |  5|    1.21471|COWPEAS,YOUNG PODS W/SEEDS,RAW                              |
  |  6|    1.21911|RUTABAGAS,RAW                                               |
  |  7|    1.25211|ASPARAGUS,RAW                                               |
  |  8|    1.29832|RASPBERRIES,RAW                                             |
  |  9|    1.31402|TOMATOES,GREEN,RAW                                          |
  | 10|    1.34909|BLACKBERRIES,RAW                                            |
 f+---+-----------+------------------------------------------------------------+
Z 
e2CLASSE   3/  3
 EEFFECTIF:   13
 e------------------------------------------------------------------------------
 e|RK | DISTANCE  | IDENT.                                                     |
 e+---+-----------+------------------------------------------------------------+
  |  1|    9.11877|BROADBEANS (FAVA BEANS),MATURE SEEDS,RAW                    |
  |  2|    9.32322|COWPEAS,COMMON (BLACKEYES,CROWDER,SOUTHERN),MTRE SEEDS,RAW  |
  |  3|   10.11988|BEANS,BLACK,MATURE SEEDS,RAW                                |
  |  4|   10.43912|BEANS,KIDNEY,RED,MATURE SEEDS,RAW                           |
  |  5|   10.80690|MUNG BNS,MATURE SEEDS,RAW                                   |
  |  6|   11.24787|LENTILS,RAW                                                 |
  |  7|   14.34424|BEANS,WHITE,MATURE SEEDS,RAW                                |
  |  8|   25.55431|CHICKPEAS (GARBANZO BNS,BENGAL GM),MATURE SEEDS,RAW         |
  |  9|   27.96679|OAT BRAN,RAW                                                |
  | 10|   41.52705|SOYBEANS,MATURE SEEDS,RAW                                   |
 f+---+-----------+------------------------------------------------------------+
Z 
Z 
p 
c2MATRICE DES DISTANCES ENTRE CLASSES
dE     |        1        2        3
  -----+---------------------------
     1 |    0.000
     2 |    4.797    0.000
     3 |   11.262   12.513    0.000
  -----+---------------------------
 F     |        1        2        3
Z 
Z 
Z 
Z 
P 
b2Coupure 'b' de l'arbre en  6 classes                        
c2FORMATION DES CLASSES (INDIVIDUS ACTIFS)
d2DESCRIPTION SOMMAIRE
 e+--------+----------+-----------+-----------+
 e| CLASSE | EFFECTIF |   POIDS   |  CONTENU  |
 e+--------+----------+-----------+-----------+
  |  bb1b  |     11   |    11.00  |   1 A  11 |
  |  bb2b  |     76   |    76.00  |  12 A  87 |
  |  bb3b  |     18   |    18.00  |  88 A 105 |
  |  bb4b  |     96   |    96.00  | 106 A 201 |
  |  bb5b  |      1   |     1.00  | 202 A 202 |
  |  bb6b  |     12   |    12.00  | 203 A 214 |
 f+--------+----------+-----------+-----------+
Z 
p 
d2COORDONNEES ET VALEURS-TEST AVANT CONSOLIDATION
e2AXES  1 A  5
 e+---------------------------------------------+-------------------------------+------------------------------------+----------+
 e|                   CLASSES                   |          VALEURS-TEST         |             COORDONNEES            |          |
 e|---------------------------------------------|-------------------------------|------------------------------------|----------|
 e| IDEN - LIBELLE               EFF.    P.ABS  |   1     2     3     4     5   |    1      2      3      4      5   |  DISTO.  |
 e+---------------------------------------------+-------------------------------+------------------------------------+----------+
  |   Coupure 'b' de l'arbre en  6 classes                                                                                      |
  |                                                                                                                             |
  | bb1b - Classe  1 /  6         11     11.00  |   2.0   4.2   4.3  -9.4   2.3 |   1.87   2.91   2.29  -4.64   0.97 |    45.84 |
  | bb2b - Classe  2 /  6         76     76.00  |   3.1  10.0  -2.4   4.7  -5.1 |   0.93   2.19  -0.39   0.73  -0.68 |     6.84 |
  | bb3b - Classe  3 /  6         18     18.00  |  -1.4  -4.8  10.4   2.4  -2.8 |  -1.01  -2.54   4.22   0.90  -0.91 |    27.35 |
  | bb4b - Classe  4 /  6         96     96.00  |  -8.9  -6.0  -4.5  -1.6   4.5 |  -2.15  -1.07  -0.61  -0.20   0.49 |     6.46 |
  | bb5b - Classe  5 /  6          1      1.00  |   3.9   1.9   2.5   6.1   8.9 |  12.37   4.54   4.45  10.23  12.69 |   492.52 |
  | bb6b - Classe  6 /  6         12     12.00  |  11.2  -6.8  -2.8  -2.0  -0.6 |  10.12  -4.49  -1.42  -0.96  -0.23 |   125.87 |
 f+---------------------------------------------+-------------------------------+------------------------------------+----------+
Z 
Z 
p 
d2CONSOLIDATION DE LA PARTITION
 EAUTOUR DES   6 CENTRES DE CLASSES, REALISEE PAR 10 ITERATIONS A CENTRES MOBILES
 EPROGRESSION DE L'INERTIE INTER-CLASSES
 e+-----------+------------+------------+------------+
 e| ITERATION |   I.TOTALE |    I.INTER |  QUOTIENT  |
 e+-----------+------------+------------+------------+
  |     0     |   32.01057 |   19.34180 |   0.60423  |
  |     1     |   32.01057 |   19.59004 |   0.61199  |
  |     2     |   32.01057 |   19.65507 |   0.61402  |
  |     3     |   32.01057 |   19.65507 |   0.61402  |
  |     4     |   32.01057 |   19.65507 |   0.61402  |
 f+-----------+------------+------------+------------+
 FARRET APRES L'ITERATION  4 L'ACCROISSEMENT DE L'INERTIE INTER-CLASSES
 FPAR RAPPORT A L'ITERATION PRECEDENTE N'EST QUE DE 0.000 %.
Z 
p 
d2DECOMPOSITION DE L'INERTIE
 ECALCULEE SUR  11 AXES.
 e+----------------+-----------------+-------------+-------------------+-----------------+
 e|                |    INERTIES     |  EFFECTIFS  |       POIDS       |    DISTANCES    |
 e| INERTIES       | AVANT    APRES  | AVANT APRES |   AVANT    APRES  |  AVANT   APRES  |
 e+----------------+-----------------+-------------+-------------------+-----------------+
  |                |                 |             |                   |                 |
  | INTER-CLASSES  |19.3418  19.6551 |             |                   |                 |
  |                |                 |             |                   |                 |
  | INTRA-CLASSE   |                 |             |                   |                 |
  |                |                 |             |                   |                 |
  | CLASSE  1 /  6 | 1.5648   1.5648 |   11     11 |    11.00    11.00 |45.8408  45.8408 |
  | CLASSE  2 /  6 | 5.0951   4.8471 |   76     74 |    76.00    74.00 | 6.8386   7.3727 |
  | CLASSE  3 /  6 | 2.3475   1.9082 |   18     13 |    18.00    13.00 |27.3547  41.7649 |
  | CLASSE  4 /  6 | 2.0789   2.4529 |   96    103 |    96.00   103.00 | 6.4563   5.9266 |
  | CLASSE  5 /  6 | 0.0000   0.0000 |    1      1 |     1.00     1.00 |******* 492.5236 |
  | CLASSE  6 /  6 | 1.5824   1.5824 |   12     12 |    12.00    12.00 |******* 125.8711 |
  |                |                 |             |                   |                 |
  |  TOTALE        |32.0106  32.0106 |             |                   |                 |
 f+----------------+-----------------+-------------+-------------------+-----------------+
 FQUOTIENT (INERTIE INTER / INERTIE TOTALE) : AVANT ... 0.6042
 F                                            APRES ... 0.6140
Z 
p 
d2COORDONNEES ET VALEURS-TEST APRES CONSOLIDATION
e2AXES  1 A  5
 e+---------------------------------------------+-------------------------------+------------------------------------+----------+
 e|                   CLASSES                   |          VALEURS-TEST         |             COORDONNEES            |          |
 e|---------------------------------------------|-------------------------------|------------------------------------|----------|
 e| IDEN - LIBELLE               EFF.    P.ABS  |   1     2     3     4     5   |    1      2      3      4      5   |  DISTO.  |
 e+---------------------------------------------+-------------------------------+------------------------------------+----------+
  |   Coupure 'b' de l'arbre en  6 classes                                                                                      |
  |                                                                                                                             |
  | bb1b - Classe  1 /  6         11     11.00  |   2.0   4.2   4.3  -9.4   2.3 |   1.87   2.91   2.29  -4.64   0.97 |    45.84 |
  | bb2b - Classe  2 /  6         74     74.00  |   3.0  10.3  -2.2   4.7  -5.3 |   0.90   2.30  -0.37   0.75  -0.71 |     7.37 |
  | bb3b - Classe  3 /  6         13     13.00  |  -1.1  -4.4  11.1   2.4  -3.3 |  -0.99  -2.82   5.38   1.09  -1.27 |    41.76 |
  | bb4b - Classe  4 /  6        103    103.00  |  -8.9  -6.7  -4.2  -1.4   4.6 |  -2.02  -1.13  -0.54  -0.17   0.47 |     5.93 |
  | bb5b - Classe  5 /  6          1      1.00  |   3.9   1.9   2.5   6.1   8.9 |  12.37   4.54   4.45  10.23  12.69 |   492.52 |
  | bb6b - Classe  6 /  6         12     12.00  |  11.2  -6.8  -2.8  -2.0  -0.6 |  10.12  -4.49  -1.42  -0.96  -0.23 |   125.87 |
 f+---------------------------------------------+-------------------------------+------------------------------------+----------+
Z 
Z 
p 
d2PARANGONS
e2CLASSE   1/  6
 EEFFECTIF:   11
 e------------------------------------------------------------------------------
 e|RK | DISTANCE  | IDENT.                                                     |
 e+---+-----------+------------------------------------------------------------+
  |  1|    5.73056|CHEESE,BRIE                                                 |
  |  2|   16.27130|CHEESE,CAMEMBERT                                            |
  |  3|   18.89750|CHEESE,BRICK                                                |
  |  4|   25.80325|DUCK,DOMESTICATED,MEAT&SKN,RAW                              |
  |  5|   27.72245|BUTTER,WHIPPED,W/ SALT                                      |
  |  6|   29.60826|BUTTER,WITH SALT                                            |
  |  7|   32.94479|CHEESE,FETA                                                 |
  |  8|   33.13562|CHICKEN,SKN (DRUMSTICKS & THIGHS),RAW                       |
  |  9|   35.94909|CHEESE,BLUE                                                 |
  | 10|   44.65405|SEAWEED,WAKAME,RAW                                          |
 f+---+-----------+------------------------------------------------------------+
Z 
e2CLASSE   2/  6
 EEFFECTIF:   74
 e------------------------------------------------------------------------------
 e|RK | DISTANCE  | IDENT.                                                     |
 e+---+-----------+------------------------------------------------------------+
  |  1|    0.91051|CROAKER,ATLANTIC,RAW                                        |
  |  2|    1.19780|SCUP,RAW                                                    |
  |  3|    1.46757|MULLET,STRIPED,RAW                                          |
  |  4|    1.74038|VEAL,SHANK,LN,RAW                                           |
  |  5|    1.74802|Turkey from whole, dark meat, meat only, raw                |
  |  6|    1.75242|TROUT,MIXED SPECIES,RAW                                     |
  |  7|    1.77911|VEAL,SHLDR,WHL (ARM&BLD),LN&FAT,RAW                         |
  |  8|    2.03066|SMELT,RAINBOW,RAW                                           |
  |  9|    2.44397|DUCK,DOMESTICATED,MEAT ONLY,RAW                             |
  | 10|    2.48444|FISH,TILAPIA,RAW                                            |
 f+---+-----------+------------------------------------------------------------+
Z 
e2CLASSE   3/  6
 EEFFECTIF:   13
 e------------------------------------------------------------------------------
 e|RK | DISTANCE  | IDENT.                                                     |
 e+---+-----------+------------------------------------------------------------+
  |  1|    9.56364|COLLARDS,RAW                                                |
  |  2|   10.43328|CORIANDER (CILANTRO) LEAVES,RAW                             |
  |  3|   11.96351|CHICORY GREENS,RAW                                          |
  |  4|   12.54288|LETTUCE,RED LEAF,RAW                                        |
  |  5|   14.46860|SWEET POTATO,RAW,UNPREP                                     |
  |  6|   15.44957|TARO LEAVES,RAW                                             |
  |  7|   15.50463|WATERCRESS,RAW                                              |
  |  8|   24.82651|SPINACH,RAW                                                 |
  |  9|   39.56559|CHARD,SWISS,RAW                                             |
  | 10|   50.33723|DANDELION GREENS,RAW                                        |
 f+---+-----------+------------------------------------------------------------+
Z 
e2CLASSE   4/  6
 EEFFECTIF:  103
 e------------------------------------------------------------------------------
 e|RK | DISTANCE  | IDENT.                                                     |
 e+---+-----------+------------------------------------------------------------+
  |  1|    0.35034|RUTABAGAS,RAW                                               |
  |  2|    0.37828|KOHLRABI,RAW                                                |
  |  3|    0.53093|CURRANTS,RED&WHITE,RAW                                      |
  |  4|    0.61013|RASPBERRIES,RAW                                             |
  |  5|    0.73921|TOMATOES,GREEN,RAW                                          |
  |  6|    0.78063|LEMONS,RAW,WITHOUT PEEL                                     |
  |  7|    0.78976|STRAWBERRIES,RAW                                            |
  |  8|    0.83674|BEANS,SNAP,GREEN,RAW                                        |
  |  9|    0.83888|BLACKBERRIES,RAW                                            |
  | 10|    0.90761|TOMATILLOS,RAW                                              |
 f+---+-----------+------------------------------------------------------------+
Z 
e2CLASSE   5/  6
 EEFFECTIF:    1
 e------------------------------------------------------------------------------
 e|RK | DISTANCE  | IDENT.                                                     |
 e+---+-----------+------------------------------------------------------------+
  |  1|    0.00000|CHICKEN,LIVER,ALL CLASSES,RAW                               |
 f+---+-----------+------------------------------------------------------------+
Z 
e2CLASSE   6/  6
 EEFFECTIF:   12
 e------------------------------------------------------------------------------
 e|RK | DISTANCE  | IDENT.                                                     |
 e+---+-----------+------------------------------------------------------------+
  |  1|    5.54004|BROADBEANS (FAVA BEANS),MATURE SEEDS,RAW                    |
  |  2|    5.56040|BEANS,BLACK,MATURE SEEDS,RAW                                |
  |  3|    7.19119|BEANS,KIDNEY,RED,MATURE SEEDS,RAW                           |
  |  4|    8.50113|BEANS,WHITE,MATURE SEEDS,RAW                                |
  |  5|    9.86603|COWPEAS,COMMON (BLACKEYES,CROWDER,SOUTHERN),MTRE SEEDS,RAW  |
  |  6|   11.05900|MUNG BNS,MATURE SEEDS,RAW                                   |
  |  7|   15.38741|LENTILS,RAW                                                 |
  |  8|   21.07241|OAT BRAN,RAW                                                |
  |  9|   25.72814|CHICKPEAS (GARBANZO BNS,BENGAL GM),MATURE SEEDS,RAW         |
  | 10|   36.50233|SOYBEANS,MATURE SEEDS,RAW                                   |
 f+---+-----------+------------------------------------------------------------+
Z 
Z 
p 
c2MATRICE DES DISTANCES ENTRE CLASSES
dE     |        1        2        3        4        5        6
  -----+------------------------------------------------------
     1 |    0.000
     2 |    6.887    0.000
     3 |    9.952    8.009    0.000
     4 |    8.119    4.764    6.696    0.000
     5 |   22.639   21.552   23.366   23.543    0.000
     6 |   12.640   11.639   13.364   12.690   21.227    0.000
  -----+------------------------------------------------------
 F     |        1        2        3        4        5        6
Z 
Z 
Z 
Z 
Z 
P 
a1DESCRIPTION DE PARTITION(S)                              
b2DESCRIPTION DE LA Coupure 'a' de l'arbre en  3 classes
X CARACTERISATION DES CLASSES PAR LES MODALITES
X CARACTERISATION DES CLASSES PAR LES CONTINUES
P 
c2CARACTERISATION PAR LES MODALITES DES CLASSES OU MODALITES
: 
 2DE Coupure 'a' de l'arbre en  3 classes                        
d2Classe  1 /  3      
 E----------------------------------------------------------------------------------------------------------------------------------
 EV.TEST  PROBA ---- POURCENTAGES ----  MODALITES                                                                        IDEN  POIDS
 E              CLA/MOD MOD/CLA GLOBAL  CARACTERISTIQUES     DES VARIABLES
 E----------------------------------------------------------------------------------------------------------------------------------
                                 39.72  Classe  1 /  3                                                                   aa1a     85
  
    8.91  0.000  100.00   45.88  18.22  Finfish and Shellfis FdGrp_Desc                                                  m4       39
    7.44  0.000   74.32   64.71  34.58  [65.700;81.700[      Rec_Water_.g.                                               m5       74
    4.05  0.000  100.00   12.94   5.14  Lamb, Veal, and Game FdGrp_Desc                                                  m6       11
    3.13  0.001   84.62   12.94   6.07  Dairy and Egg Produc FdGrp_Desc                                                  m3       13
    3.02  0.001   90.00   10.59   4.67  [49.700;65.700[      Rec_Water_.g.                                               m4       10
    3.00  0.001  100.00    8.24   3.27  Beef Products        FdGrp_Desc                                                  m1        7
    2.70  0.004  100.00    7.06   2.80  [33.700;49.700[      Rec_Water_.g.                                               m3        6
    2.70  0.004  100.00    7.06   2.80  [11.883;17.821[      Rec_FA_Sat_.g.                                              m3        6
    2.36  0.009  100.00    5.88   2.34  Pork Products        FdGrp_Desc                                                  m8        5
    2.13  0.017   85.71    7.06   3.27  Poultry Products     FdGrp_Desc                                                  m9        7
  
   -2.73  0.003    0.00    0.00   5.14  Legumes and Legume P FdGrp_Desc                                                  m7       11
   -4.43  0.000   35.35   82.35  92.52  < 5.944              Rec_FA_Sat_.g.                                              m1      198
   -6.98  0.000    0.00    0.00  21.50  Fruits and Fruit Jui FdGrp_Desc                                                  m5       46
   -7.81  0.000    4.35    3.53  32.24  Vegetables and Veget FdGrp_Desc                                                  m10      69
   -9.33  0.000    8.65   10.59  48.60  >= 81.700            Rec_Water_.g.                                               m6      104
 F----------------------------------------------------------------------------------------------------------------------------------
Z 
p
d2Classe  2 /  3      
 E----------------------------------------------------------------------------------------------------------------------------------
 EV.TEST  PROBA ---- POURCENTAGES ----  MODALITES                                                                        IDEN  POIDS
 E              CLA/MOD MOD/CLA GLOBAL  CARACTERISTIQUES     DES VARIABLES
 E----------------------------------------------------------------------------------------------------------------------------------
                                 54.21  Classe  2 /  3                                                                   aa2a    116
  
   11.08  0.000   91.35   81.90  48.60  >= 81.700            Rec_Water_.g.                                               m6      104
    8.94  0.000   95.65   56.90  32.24  Vegetables and Veget FdGrp_Desc                                                  m10      69
    7.79  0.000  100.00   39.66  21.50  Fruits and Fruit Jui FdGrp_Desc                                                  m5       46
    4.63  0.000   58.59  100.00  92.52  < 5.944              Rec_FA_Sat_.g.                                              m1      198
  
   -2.07  0.019    0.00    0.00   2.34  Pork Products        FdGrp_Desc                                                  m8        5
   -2.07  0.019    0.00    0.00   2.34  [5.944;11.883[       Rec_FA_Sat_.g.                                              m2        5
   -2.39  0.008    0.00    0.00   2.80  [11.883;17.821[      Rec_FA_Sat_.g.                                              m3        6
   -2.39  0.008    0.00    0.00   2.80  [33.700;49.700[      Rec_Water_.g.                                               m3        6
   -2.62  0.004   10.00    0.86   4.67  [49.700;65.700[      Rec_Water_.g.                                               m4       10
   -2.66  0.004   15.38    1.72   6.07  Dairy and Egg Produc FdGrp_Desc                                                  m3       13
   -2.67  0.004    0.00    0.00   3.27  Poultry Products     FdGrp_Desc                                                  m9        7
   -2.67  0.004    0.00    0.00   3.27  Beef Products        FdGrp_Desc                                                  m1        7
   -3.64  0.000    0.00    0.00   5.14  Legumes and Legume P FdGrp_Desc                                                  m7       11
   -3.64  0.000    0.00    0.00   5.14  Lamb, Veal, and Game FdGrp_Desc                                                  m6       11
   -3.90  0.000   10.53    1.72   8.88  < 17.700             Rec_Water_.g.                                               m1       19
   -6.32  0.000   24.32   15.52  34.58  [65.700;81.700[      Rec_Water_.g.                                               m5       74
   -8.07  0.000    0.00    0.00  18.22  Finfish and Shellfis FdGrp_Desc                                                  m4       39
 F----------------------------------------------------------------------------------------------------------------------------------
Z 
p
d2Classe  3 /  3      
 E----------------------------------------------------------------------------------------------------------------------------------
 EV.TEST  PROBA ---- POURCENTAGES ----  MODALITES                                                                        IDEN  POIDS
 E              CLA/MOD MOD/CLA GLOBAL  CARACTERISTIQUES     DES VARIABLES
 E----------------------------------------------------------------------------------------------------------------------------------
                                  6.07  Classe  3 /  3                                                                   aa3a     13
  
    8.23  0.000  100.00   84.62   5.14  Legumes and Legume P FdGrp_Desc                                                  m7       11
    7.45  0.000   63.16   92.31   8.88  < 17.700             Rec_Water_.g.                                               m1       19
  
   -2.56  0.005    0.00    0.00  32.24  Vegetables and Veget FdGrp_Desc                                                  m10      69
   -3.67  0.000    0.00    0.00  48.60  >= 81.700            Rec_Water_.g.                                               m6      104
 F----------------------------------------------------------------------------------------------------------------------------------
Z 
Z 
P 
c2CARACTERISATION PAR LES CONTINUES DES CLASSES OU MODALITES
: 
 2DE Coupure 'a' de l'arbre en  3 classes                        
d2Classe  1 /  3      
 E+--------+-------+-------------------+-------------------+-----------------------------------------------------------------------+
 E| V.TEST | PROBA |     MOYENNES      |   ECARTS TYPES    |                    VARIABLES CARACTERISTIQUES                         |
 E|        |       |  CLASSE  GENERALE |  CLASSE  GENERAL  | NUM.LIBELLE                                                      IDEN |
 E+--------+-------+-------------------+-------------------+-----------------------------------------------------------------------+
  |                 Classe  1 /  3       ( POIDS =    85.00      EFFECTIF =   85 )                                            aa1a |
  |                                                                                                                                |
  |  10.44 | 0.000 |    25.46    11.48 |    15.49    15.87 |  18.Selenium_.µg.                                                Sele |
  |  10.12 | 0.000 |    17.10     9.24 |     5.44     9.20 |   3.Protein_.g.                                                  Prot |
  |   8.03 | 0.000 |     4.11     2.22 |     3.20     2.80 |  22.Niacin_.mg.                                                  Niac |
  |   7.68 | 0.000 |    70.18    40.20 |    49.30    46.26 |  29.Choline_Tot_..mg.                                            Chol |
  |   7.65 | 0.000 |   212.44   130.89 |    72.46   126.33 |  12.Phosphorus_.mg.                                              Phos |
  |   6.69 | 0.000 |   171.18    78.10 |   229.86   164.87 |  14.Sodium_.mg.                                                  Sodi |
  |   6.53 | 0.000 |     2.58     1.11 |     3.35     2.68 |  30.Vit_B12_.µg.                                                 Vit_ |
  |   6.25 | 0.000 |    99.80    41.35 |   154.28   110.71 |  44.Cholestrl_.mg.                                               Chol |
  |   5.96 | 0.000 |     0.31     0.21 |     0.23     0.20 |  24.Vit_B6_.mg.                                                  Vit_ |
  |   5.47 | 0.000 |    10.18     4.92 |    15.45    11.39 |   4.Lipid_Tot_.g.                                                Lipi |
  |   5.37 | 0.000 |     3.62     1.74 |     5.26     4.13 |  42.FA_Mono_.g.                                                  FA_M |
  |   5.37 | 0.000 |   178.21   120.37 |   133.69   127.49 |   2.Energ_Kcal                                                   Ener |
  |   5.13 | 0.000 |     4.35     1.87 |     8.45     5.72 |  41.FA_Sat_.g.                                                   FA_S |
  |   4.96 | 0.000 |   105.04    42.13 |   223.89   150.11 |  39.Vit_D_IU                                                     Vit_ |
  |   4.00 | 0.000 |     2.24     1.26 |     4.29     2.92 |  15.Zinc_.mg.                                                    Zinc |
  |   3.39 | 0.000 |     1.43     1.16 |     0.98     0.96 |   5.Ash_.g.                                                      Ash_ |
  |   3.38 | 0.000 |     0.76     0.58 |     0.50     0.63 |  23.Panto_Acid_mg.                                               Pant |
  |   3.30 | 0.000 |     0.20     0.15 |     0.16     0.19 |  21.Riboflavin_.mg.                                              Ribo |
  |   2.37 | 0.009 |     1.16     0.77 |     1.82     1.94 |  43.FA_Poly_.g.                                                  FA_P |
  |        |       |                   |                   |                                                                       |
  |  -2.06 | 0.020 |   267.33   317.41 |    94.42   288.22 |  13.Potassium_.mg.                                               Pota |
  |  -2.74 | 0.003 |    26.88   420.44 |    98.15  1704.46 |  37.Lut.Zea_..µg.                                                Lut. |
  |  -2.82 | 0.002 |   252.84   937.29 |   586.39  2878.78 |  31.Vit_A_IU                                                     Vit_ |
  |  -2.87 | 0.002 |     0.59    16.77 |     2.37    66.87 |  35.Beta_Crypt_.µg.                                              Beta |
  |  -3.08 | 0.001 |     1.54    26.96 |     2.90    97.66 |  40.Vit_K_.µg.                                                   Vit_ |
  |  -3.23 | 0.001 |     8.82   442.73 |    33.52  1592.50 |  34.Beta_Carot_.µg.                                              Beta |
  |  -3.39 | 0.000 |    67.58    74.19 |    17.92    23.08 |   1.Water_.g.                                                    Wate |
  |  -3.59 | 0.000 |    18.32    50.99 |    26.96   107.93 |  27.Food_Folate_.µg.                                             Food |
  |  -3.68 | 0.000 |    18.32    52.03 |    26.96   108.59 |  25.Folate_Tot_.µg.                                              Fola |
  |  -3.70 | 0.000 |    18.32    52.76 |    26.96   110.30 |  28.Folate_DFE_.µg.                                              Fola |
  |  -4.72 | 0.000 |     3.85    10.55 |    14.40    16.80 |   6.Carbohydrt_.g.                                               Carb |
  |  -5.97 | 0.000 |     0.99    14.76 |     3.62    27.34 |  19.Vit_C_.mg.                                                   Vit_ |
  |  -6.21 | 0.000 |     0.36     2.23 |     1.86     3.56 |   7.Fiber_TD_.g.                                                 Fibe |
  |  -8.68 | 0.000 |     0.20     2.86 |     0.59     3.63 |   8.Sugar_Tot_.g.                                                Suga |
 F+--------+-------+-------------------+-------------------+-----------------------------------------------------------------------+
Z 
p 
d2Classe  2 /  3      
 E+--------+-------+-------------------+-------------------+-----------------------------------------------------------------------+
 E| V.TEST | PROBA |     MOYENNES      |   ECARTS TYPES    |                    VARIABLES CARACTERISTIQUES                         |
 E|        |       |  CLASSE  GENERALE |  CLASSE  GENERAL  | NUM.LIBELLE                                                      IDEN |
 E+--------+-------+-------------------+-------------------+-----------------------------------------------------------------------+
  |                 Classe  2 /  3       ( POIDS =   116.00      EFFECTIF =  116 )                                            aa2a |
  |                                                                                                                                |
  |   7.96 | 0.000 |    85.75    74.19 |    11.92    23.08 |   1.Water_.g.                                                    Wate |
  |   7.69 | 0.000 |     4.62     2.86 |     3.80     3.63 |   8.Sugar_Tot_.g.                                                Suga |
  |   6.60 | 0.000 |    26.11    14.76 |    32.94    27.34 |  19.Vit_C_.mg.                                                   Vit_ |
  |   3.64 | 0.000 |   807.42   442.73 |  2094.58  1592.50 |  34.Beta_Carot_.µg.                                              Beta |
  |   3.28 | 0.001 |    47.10    26.96 |   129.01    97.66 |  40.Vit_K_.µg.                                                   Vit_ |
  |   3.24 | 0.001 |    30.41    16.77 |    88.53    66.87 |  35.Beta_Crypt_.µg.                                              Beta |
  |   3.11 | 0.001 |   754.39   420.44 |  2260.24  1704.46 |  37.Lut.Zea_..µg.                                                Lut. |
  |   2.80 | 0.003 |  1444.22   937.29 |  3669.70  2878.78 |  31.Vit_A_IU                                                     Vit_ |
  |        |       |                   |                   |                                                                       |
  |  -2.14 | 0.016 |    36.53    47.79 |    49.52    83.54 |   9.Calcium_.mg.                                                 Calc |
  |  -2.39 | 0.008 |    36.13    52.76 |    49.03   110.30 |  28.Folate_DFE_.µg.                                              Fola |
  |  -2.52 | 0.006 |    34.78    52.03 |    40.85   108.59 |  25.Folate_Tot_.µg.                                              Fola |
  |  -2.67 | 0.004 |    32.86    50.99 |    36.59   107.93 |  27.Food_Folate_.µg.                                             Food |
  |  -2.76 | 0.003 |     1.16    44.37 |     9.27   248.94 |  32.Retinol_.µg.                                                 Reti |
  |  -3.27 | 0.001 |   258.08   317.41 |   137.58   288.22 |  13.Potassium_.mg.                                               Pota |
  |  -3.70 | 0.000 |     0.10     0.19 |     0.09     0.37 |  16.Copper_mg.                                                   Copp |
  |  -4.20 | 0.000 |    20.90    33.81 |    17.02    48.84 |  11.Magnesium_.mg.                                               Magn |
  |  -4.38 | 0.000 |     0.75    42.13 |     5.43   150.11 |  39.Vit_D_IU                                                     Vit_ |
  |  -4.87 | 0.000 |     0.12     1.87 |     0.34     5.72 |  41.FA_Sat_.g.                                                   FA_S |
  |  -5.08 | 0.000 |     0.15     0.77 |     0.26     1.94 |  43.FA_Poly_.g.                                                  FA_P |
  |  -5.18 | 0.000 |     0.07     0.13 |     0.07     0.20 |  20.Thiamin_.mg.                                                 Thia |
  |  -5.19 | 0.000 |     0.30     1.26 |     0.26     2.92 |  15.Zinc_.mg.                                                    Zinc |
  |  -5.32 | 0.000 |     0.67     1.32 |     0.71     1.95 |  10.Iron_.mg.                                                    Iron |
  |  -5.84 | 0.000 |     0.22     1.74 |     1.27     4.13 |  42.FA_Mono_.g.                                                  FA_M |
  |  -5.90 | 0.000 |    16.79    78.10 |    29.50   164.87 |  14.Sodium_.mg.                                                  Sodi |
  |  -5.90 | 0.000 |     0.17    41.35 |     1.30   110.71 |  44.Cholestrl_.mg.                                               Chol |
  |  -5.99 | 0.000 |     0.62     4.92 |     1.96    11.39 |   4.Lipid_Tot_.g.                                                Lipi |
  |  -6.07 | 0.000 |     0.07     0.15 |     0.08     0.19 |  21.Riboflavin_.mg.                                              Ribo |
  |  -6.52 | 0.000 |     0.01     1.11 |     0.06     2.68 |  30.Vit_B12_.µg.                                                 Vit_ |
  |  -6.57 | 0.000 |     0.32     0.58 |     0.30     0.63 |  23.Panto_Acid_mg.                                               Pant |
  |  -7.18 | 0.000 |     0.72     1.16 |     0.41     0.96 |   5.Ash_.g.                                                      Ash_ |
  |  -7.71 | 0.000 |     0.11     0.21 |     0.09     0.20 |  24.Vit_B6_.mg.                                                  Vit_ |
  |  -8.51 | 0.000 |    52.03   120.37 |    51.36   127.49 |   2.Energ_Kcal                                                   Ener |
  |  -8.65 | 0.000 |     0.69     2.22 |     0.76     2.80 |  22.Niacin_.mg.                                                  Niac |
  |  -9.75 | 0.000 |    11.80    40.20 |     9.78    46.26 |  29.Choline_Tot_..mg.                                            Chol |
  | -10.49 | 0.000 |     1.00    11.48 |     2.37    15.87 |  18.Selenium_.µg.                                                Sele |
  | -11.53 | 0.000 |    39.17   130.89 |    29.35   126.33 |  12.Phosphorus_.mg.                                              Phos |
  | -12.92 | 0.000 |     1.76     9.24 |     1.62     9.20 |   3.Protein_.g.                                                  Prot |
 F+--------+-------+-------------------+-------------------+-----------------------------------------------------------------------+
Z 
p 
d2Classe  3 /  3      
 E+--------+-------+-------------------+-------------------+-----------------------------------------------------------------------+
 E| V.TEST | PROBA |     MOYENNES      |   ECARTS TYPES    |                    VARIABLES CARACTERISTIQUES                         |
 E|        |       |  CLASSE  GENERALE |  CLASSE  GENERAL  | NUM.LIBELLE                                                      IDEN |
 E+--------+-------+-------------------+-------------------+-----------------------------------------------------------------------+
  |                 Classe  3 /  3       ( POIDS =    13.00      EFFECTIF =   13 )                                            aa3a |
  |                                                                                                                                |
  |  12.91 | 0.000 |   426.38    50.99 |   155.69   107.93 |  27.Food_Folate_.µg.                                             Food |
  |  12.80 | 0.000 |   426.38    52.03 |   155.69   108.59 |  25.Folate_Tot_.µg.                                              Fola |
  |  12.57 | 0.000 |   426.38    52.76 |   155.69   110.30 |  28.Folate_DFE_.µg.                                              Fola |
  |  11.52 | 0.000 |     7.36     1.32 |     2.93     1.95 |  10.Iron_.mg.                                                    Iron |
  |  11.03 | 0.000 |  1174.23   317.41 |   598.65   288.22 |  13.Potassium_.mg.                                               Pota |
  |  11.00 | 0.000 |   178.54    33.81 |   100.44    48.84 |  11.Magnesium_.mg.                                               Magn |
  |  10.78 | 0.000 |    12.58     2.23 |     5.55     3.56 |   7.Fiber_TD_.g.                                                 Fibe |
  |  10.06 | 0.000 |     0.68     0.13 |     0.23     0.20 |  20.Thiamin_.mg.                                                 Thia |
  |   8.48 | 0.000 |    48.95    10.55 |    20.76    16.80 |   6.Carbohydrt_.g.                                               Carb |
  |   8.38 | 0.000 |   416.08   130.89 |   144.37   126.33 |  12.Phosphorus_.mg.                                              Phos |
  |   8.27 | 0.000 |     1.01     0.19 |     0.63     0.37 |  16.Copper_mg.                                                   Copp |
  |   8.02 | 0.000 |     3.23     1.16 |     0.94     0.96 |   5.Ash_.g.                                                      Ash_ |
  |   6.93 | 0.000 |     3.34     0.41 |     5.33     1.57 |  17.Manganese_.mg.                                               Mang |
  |   6.77 | 0.000 |     1.72     0.58 |     1.38     0.63 |  23.Panto_Acid_mg.                                               Pant |
  |   6.75 | 0.000 |   352.08   120.37 |    99.65   127.49 |   2.Energ_Kcal                                                   Ener |
  |   6.21 | 0.000 |    24.65     9.24 |     5.98     9.20 |   3.Protein_.g.                                                  Prot |
  |   5.89 | 0.000 |     0.46     0.15 |     0.48     0.19 |  21.Riboflavin_.mg.                                              Ribo |
  |   5.74 | 0.000 |     3.76     0.77 |     5.11     1.94 |  43.FA_Poly_.g.                                                  FA_P |
  |   4.60 | 0.000 |    97.55    40.20 |    46.11    46.26 |  29.Choline_Tot_..mg.                                            Chol |
  |   3.88 | 0.000 |     0.41     0.21 |     0.16     0.20 |  24.Vit_B6_.mg.                                                  Vit_ |
  |   3.11 | 0.001 |   253.08    44.37 |   876.68   248.94 |  32.Retinol_.µg.                                                 Reti |
  |   3.09 | 0.001 |   117.23    47.79 |    76.77    83.54 |   9.Calcium_.mg.                                                 Calc |
  |   2.63 | 0.004 |     3.32     1.26 |     0.59     2.92 |  15.Zinc_.mg.                                                    Zinc |
  |        |       |                   |                   |                                                                       |
  |  -9.64 | 0.000 |    14.25    74.19 |    18.09    23.08 |   1.Water_.g.                                                    Wate |
 F+--------+-------+-------------------+-------------------+-----------------------------------------------------------------------+
Z 
Z 
P 
b2DESCRIPTION DE LA Coupure 'b' de l'arbre en  6 classes
X CARACTERISATION DES CLASSES PAR LES MODALITES
X CARACTERISATION DES CLASSES PAR LES CONTINUES
P 
c2CARACTERISATION PAR LES MODALITES DES CLASSES OU MODALITES
: 
 2DE Coupure 'b' de l'arbre en  6 classes                        
d2Classe  1 /  6      
 E----------------------------------------------------------------------------------------------------------------------------------
 EV.TEST  PROBA ---- POURCENTAGES ----  MODALITES                                                                        IDEN  POIDS
 E              CLA/MOD MOD/CLA GLOBAL  CARACTERISTIQUES     DES VARIABLES
 E----------------------------------------------------------------------------------------------------------------------------------
                                  5.14  Classe  1 /  6                                                                   bb1b     11
  
    5.14  0.000   53.85   63.64   6.07  Dairy and Egg Produc FdGrp_Desc                                                  m3       13
    4.81  0.000   83.33   45.45   2.80  [33.700;49.700[      Rec_Water_.g.                                               m3        6
    4.81  0.000   83.33   45.45   2.80  [11.883;17.821[      Rec_FA_Sat_.g.                                              m3        6
  
   -3.28  0.001    0.00    0.00  48.60  >= 81.700            Rec_Water_.g.                                               m6      104
   -6.94  0.000    0.51    9.09  92.52  < 5.944              Rec_FA_Sat_.g.                                              m1      198
 F----------------------------------------------------------------------------------------------------------------------------------
Z 
p
d2Classe  2 /  6      
 E----------------------------------------------------------------------------------------------------------------------------------
 EV.TEST  PROBA ---- POURCENTAGES ----  MODALITES                                                                        IDEN  POIDS
 E              CLA/MOD MOD/CLA GLOBAL  CARACTERISTIQUES     DES VARIABLES
 E----------------------------------------------------------------------------------------------------------------------------------
                                 34.58  Classe  2 /  6                                                                   bb2b     74
  
    9.69  0.000  100.00   52.70  18.22  Finfish and Shellfis FdGrp_Desc                                                  m4       39
    8.48  0.000   72.97   72.97  34.58  [65.700;81.700[      Rec_Water_.g.                                               m5       74
    4.42  0.000  100.00   14.86   5.14  Lamb, Veal, and Game FdGrp_Desc                                                  m6       11
    3.30  0.000  100.00    9.46   3.27  Beef Products        FdGrp_Desc                                                  m1        7
    2.02  0.022   70.00    9.46   4.67  [49.700;65.700[      Rec_Water_.g.                                               m4       10
  
   -2.40  0.008    0.00    0.00   5.14  Legumes and Legume P FdGrp_Desc                                                  m7       11
   -6.30  0.000    0.00    0.00  21.50  Fruits and Fruit Jui FdGrp_Desc                                                  m5       46
   -7.31  0.000    2.90    2.70  32.24  Vegetables and Veget FdGrp_Desc                                                  m10      69
   -7.95  0.000    8.65   12.16  48.60  >= 81.700            Rec_Water_.g.                                               m6      104
 F----------------------------------------------------------------------------------------------------------------------------------
Z 
p
d2Classe  3 /  6      
 E----------------------------------------------------------------------------------------------------------------------------------
 EV.TEST  PROBA ---- POURCENTAGES ----  MODALITES                                                                        IDEN  POIDS
 E              CLA/MOD MOD/CLA GLOBAL  CARACTERISTIQUES     DES VARIABLES
 E----------------------------------------------------------------------------------------------------------------------------------
                                  6.07  Classe  3 /  6                                                                   bb3b     13
  
    5.09  0.000   18.84  100.00  32.24  Vegetables and Veget FdGrp_Desc                                                  m10      69
    2.46  0.007   10.58   84.62  48.60  >= 81.700            Rec_Water_.g.                                               m6      104
 F----------------------------------------------------------------------------------------------------------------------------------
Z 
p
d2Classe  4 /  6      
 E----------------------------------------------------------------------------------------------------------------------------------
 EV.TEST  PROBA ---- POURCENTAGES ----  MODALITES                                                                        IDEN  POIDS
 E              CLA/MOD MOD/CLA GLOBAL  CARACTERISTIQUES     DES VARIABLES
 E----------------------------------------------------------------------------------------------------------------------------------
                                 48.13  Classe  4 /  6                                                                   bb4b    103
  
    9.50  0.000   80.77   81.55  48.60  >= 81.700            Rec_Water_.g.                                               m6      104
    8.64  0.000  100.00   44.66  21.50  Fruits and Fruit Jui FdGrp_Desc                                                  m5       46
    5.74  0.000   76.81   51.46  32.24  Vegetables and Veget FdGrp_Desc                                                  m10      69
    4.16  0.000   52.02  100.00  92.52  < 5.944              Rec_FA_Sat_.g.                                              m1      198
  
   -2.09  0.018    0.00    0.00   2.80  [11.883;17.821[      Rec_FA_Sat_.g.                                              m3        6
   -2.09  0.018    0.00    0.00   2.80  [33.700;49.700[      Rec_Water_.g.                                               m3        6
   -2.22  0.013   15.38    1.94   6.07  Dairy and Egg Produc FdGrp_Desc                                                  m3       13
   -2.23  0.013   10.00    0.97   4.67  [49.700;65.700[      Rec_Water_.g.                                               m4       10
   -2.36  0.009    0.00    0.00   3.27  Poultry Products     FdGrp_Desc                                                  m9        7
   -2.36  0.009    0.00    0.00   3.27  Beef Products        FdGrp_Desc                                                  m1        7
   -3.25  0.001    0.00    0.00   5.14  Legumes and Legume P FdGrp_Desc                                                  m7       11
   -3.25  0.001    0.00    0.00   5.14  Lamb, Veal, and Game FdGrp_Desc                                                  m6       11
   -3.36  0.000   10.53    1.94   8.88  < 17.700             Rec_Water_.g.                                               m1       19
   -5.62  0.000   21.62   15.53  34.58  [65.700;81.700[      Rec_Water_.g.                                               m5       74
   -7.29  0.000    0.00    0.00  18.22  Finfish and Shellfis FdGrp_Desc                                                  m4       39
 F----------------------------------------------------------------------------------------------------------------------------------
Z 
p
d2Classe  5 /  6      
 E----------------------------------------------------------------------------------------------------------------------------------
 EV.TEST  PROBA ---- POURCENTAGES ----  MODALITES                                                                        IDEN  POIDS
 E              CLA/MOD MOD/CLA GLOBAL  CARACTERISTIQUES     DES VARIABLES
 E----------------------------------------------------------------------------------------------------------------------------------
                                  0.47  Classe  5 /  6                                                                   bb5b      1
  
  
   -1.99  0.023    0.00    0.00   2.34  [5.944;11.883[       Rec_FA_Sat_.g.                                              m2        5
   -1.99  0.023    0.00    0.00   2.34  Pork Products        FdGrp_Desc                                                  m8        5
 F----------------------------------------------------------------------------------------------------------------------------------
Z 
p
d2Classe  6 /  6      
 E----------------------------------------------------------------------------------------------------------------------------------
 EV.TEST  PROBA ---- POURCENTAGES ----  MODALITES                                                                        IDEN  POIDS
 E              CLA/MOD MOD/CLA GLOBAL  CARACTERISTIQUES     DES VARIABLES
 E----------------------------------------------------------------------------------------------------------------------------------
                                  5.61  Classe  6 /  6                                                                   bb6b     12
  
    8.45  0.000  100.00   91.67   5.14  Legumes and Legume P FdGrp_Desc                                                  m7       11
    7.78  0.000   63.16  100.00   8.88  < 17.700             Rec_Water_.g.                                               m1       19
  
   -2.41  0.008    0.00    0.00  32.24  Vegetables and Veget FdGrp_Desc                                                  m10      69
   -2.56  0.005    0.00    0.00  34.58  [65.700;81.700[      Rec_Water_.g.                                               m5       74
   -3.48  0.000    0.00    0.00  48.60  >= 81.700            Rec_Water_.g.                                               m6      104
 F----------------------------------------------------------------------------------------------------------------------------------
Z 
Z 
P 
c2CARACTERISATION PAR LES CONTINUES DES CLASSES OU MODALITES
: 
 2DE Coupure 'b' de l'arbre en  6 classes                        
d2Classe  1 /  6      
 E+--------+-------+-------------------+-------------------+-----------------------------------------------------------------------+
 E| V.TEST | PROBA |     MOYENNES      |   ECARTS TYPES    |                    VARIABLES CARACTERISTIQUES                         |
 E|        |       |  CLASSE  GENERALE |  CLASSE  GENERAL  | NUM.LIBELLE                                                      IDEN |
 E+--------+-------+-------------------+-------------------+-----------------------------------------------------------------------+
  |                 Classe  1 /  6       ( POIDS =    11.00      EFFECTIF =   11 )                                            bb1b |
  |                                                                                                                                |
  |  11.27 | 0.000 |    20.84     1.87 |    14.10     5.72 |  41.FA_Sat_.g.                                                   FA_S |
  |  10.49 | 0.000 |    40.09     4.92 |    24.06    11.39 |   4.Lipid_Tot_.g.                                                Lipi |
  |  10.29 | 0.000 |   577.55    78.10 |   360.02   164.87 |  14.Sodium_.mg.                                                  Sodi |
  |   9.23 | 0.000 |    12.97     1.74 |     8.26     4.13 |  42.FA_Mono_.g.                                                  FA_M |
  |   7.88 | 0.000 |   416.18   120.37 |   194.49   127.49 |   2.Energ_Kcal                                                   Ener |
  |   7.28 | 0.000 |   226.82    47.79 |   237.13    83.54 |   9.Calcium_.mg.                                                 Calc |
  |   6.36 | 0.000 |     2.95     1.16 |     2.09     0.96 |   5.Ash_.g.                                                      Ash_ |
  |   4.65 | 0.000 |     3.42     0.77 |     4.00     1.94 |  43.FA_Poly_.g.                                                  FA_P |
  |   2.57 | 0.005 |     0.30     0.15 |     0.24     0.19 |  21.Riboflavin_.mg.                                              Ribo |
  |   2.49 | 0.006 |   226.64    44.37 |   226.42   248.94 |  32.Retinol_.µg.                                                 Reti |
  |        |       |                   |                   |                                                                       |
  |  -2.06 | 0.020 |   142.64   317.41 |    93.24   288.22 |  13.Potassium_.mg.                                               Pota |
  |  -2.08 | 0.019 |     0.05     2.23 |     0.14     3.56 |   7.Fiber_TD_.g.                                                 Fibe |
  |  -2.10 | 0.018 |     0.62     2.86 |     1.12     3.63 |   8.Sugar_Tot_.g.                                                Suga |
  |  -4.64 | 0.000 |    42.70    74.19 |    17.63    23.08 |   1.Water_.g.                                                    Wate |
 F+--------+-------+-------------------+-------------------+-----------------------------------------------------------------------+
Z 
p 
d2Classe  2 /  6      
 E+--------+-------+-------------------+-------------------+-----------------------------------------------------------------------+
 E| V.TEST | PROBA |     MOYENNES      |   ECARTS TYPES    |                    VARIABLES CARACTERISTIQUES                         |
 E|        |       |  CLASSE  GENERALE |  CLASSE  GENERAL  | NUM.LIBELLE                                                      IDEN |
 E+--------+-------+-------------------+-------------------+-----------------------------------------------------------------------+
  |                 Classe  2 /  6       ( POIDS =    74.00      EFFECTIF =   74 )                                            bb2b |
  |                                                                                                                                |
  |  10.92 | 0.000 |    27.81    11.48 |    15.09    15.87 |  18.Selenium_.µg.                                                Sele |
  |   9.90 | 0.000 |    17.83     9.24 |     4.51     9.20 |   3.Protein_.g.                                                  Prot |
  |   8.80 | 0.000 |     4.54     2.22 |     3.18     2.80 |  22.Niacin_.mg.                                                  Niac |
  |   8.59 | 0.000 |    77.66    40.20 |    48.52    46.26 |  29.Choline_Tot_..mg.                                            Chol |
  |   7.05 | 0.000 |   214.88   130.89 |    51.99   126.33 |  12.Phosphorus_.mg.                                              Phos |
  |   6.89 | 0.000 |     2.85     1.11 |     3.51     2.68 |  30.Vit_B12_.µg.                                                 Vit_ |
  |   6.66 | 0.000 |     0.33     0.21 |     0.23     0.20 |  24.Vit_B6_.mg.                                                  Vit_ |
  |   5.57 | 0.000 |    99.46    41.35 |   163.63   110.71 |  44.Cholestrl_.mg.                                               Chol |
  |   5.36 | 0.000 |   117.97    42.13 |   237.13   150.11 |  39.Vit_D_IU                                                     Vit_ |
  |   4.01 | 0.000 |     2.36     1.26 |     4.57     2.92 |  15.Zinc_.mg.                                                    Zinc |
  |   3.12 | 0.001 |     0.76     0.58 |     0.51     0.63 |  23.Panto_Acid_mg.                                               Pant |
  |   2.20 | 0.014 |     0.19     0.15 |     0.14     0.19 |  21.Riboflavin_.mg.                                              Ribo |
  |   2.10 | 0.018 |   110.77    78.10 |   115.01   164.87 |  14.Sodium_.mg.                                                  Sodi |
  |        |       |                   |                   |                                                                       |
  |  -2.43 | 0.007 |    29.31   420.44 |   104.36  1704.46 |  37.Lut.Zea_..µg.                                                Lut. |
  |  -2.57 | 0.005 |     0.58    16.77 |     2.45    66.87 |  35.Beta_Crypt_.µg.                                              Beta |
  |  -2.69 | 0.004 |    26.64    47.79 |    26.16    83.54 |   9.Calcium_.mg.                                                 Calc |
  |  -2.79 | 0.003 |     1.31    26.96 |     2.93    97.66 |  40.Vit_K_.µg.                                                   Vit_ |
  |  -2.85 | 0.002 |   163.23   937.29 |   482.98  2878.78 |  31.Vit_A_IU                                                     Vit_ |
  |  -2.94 | 0.002 |     0.91   442.73 |     3.16  1592.50 |  34.Beta_Carot_.µg.                                              Beta |
  |  -3.52 | 0.000 |    15.19    50.99 |    17.95   107.93 |  27.Food_Folate_.µg.                                             Food |
  |  -3.60 | 0.000 |    15.19    52.03 |    17.95   108.59 |  25.Folate_Tot_.µg.                                              Fola |
  |  -3.61 | 0.000 |    15.19    52.76 |    17.95   110.30 |  28.Folate_DFE_.µg.                                              Fola |
  |  -4.06 | 0.000 |     4.11    10.55 |    15.38    16.80 |   6.Carbohydrt_.g.                                               Carb |
  |  -5.32 | 0.000 |     1.06    14.76 |     3.85    27.34 |  19.Vit_C_.mg.                                                   Vit_ |
  |  -5.42 | 0.000 |     0.41     2.23 |     1.99     3.56 |   7.Fiber_TD_.g.                                                 Fibe |
  |  -7.95 | 0.000 |     0.14     2.86 |     0.43     3.63 |   8.Sugar_Tot_.g.                                                Suga |
 F+--------+-------+-------------------+-------------------+-----------------------------------------------------------------------+
Z 
p 
d2Classe  3 /  6      
 E+--------+-------+-------------------+-------------------+-----------------------------------------------------------------------+
 E| V.TEST | PROBA |     MOYENNES      |   ECARTS TYPES    |                    VARIABLES CARACTERISTIQUES                         |
 E|        |       |  CLASSE  GENERALE |  CLASSE  GENERAL  | NUM.LIBELLE                                                      IDEN |
 E+--------+-------+-------------------+-------------------+-----------------------------------------------------------------------+
  |                 Classe  3 /  6       ( POIDS =    13.00      EFFECTIF =   13 )                                            bb3b |
  |                                                                                                                                |
  |  11.67 | 0.000 |  5451.54   442.73 |  3660.35  1592.50 |  34.Beta_Carot_.µg.                                              Beta |
  |  11.25 | 0.000 |  9659.46   937.29 |  6317.58  2878.78 |  31.Vit_A_IU                                                     Vit_ |
  |  10.01 | 0.000 |  5017.08   420.44 |  4793.08  1704.46 |  37.Lut.Zea_..µg.                                                Lut. |
  |   9.97 | 0.000 |   289.20    26.96 |   266.37    97.66 |  40.Vit_K_.µg.                                                   Vit_ |
  |   6.27 | 0.000 |   660.54    45.16 |  1332.34   364.18 |  33.Alpha_Carot_.µg.                                             Alph |
  |   3.46 | 0.000 |     1.66     0.67 |     0.92     1.05 |  38.Vit_E_.mg.                                                   Vit_ |
  |   2.81 | 0.002 |   111.00    47.79 |    94.73    83.54 |   9.Calcium_.mg.                                                 Calc |
  |   2.30 | 0.011 |    88.49    74.19 |     6.39    23.08 |   1.Water_.g.                                                    Wate |
  |        |       |                   |                   |                                                                       |
  |  -2.01 | 0.022 |    15.16    40.20 |     7.15    46.26 |  29.Choline_Tot_..mg.                                            Chol |
  |  -2.39 | 0.009 |    49.69   130.89 |    16.51   126.33 |  12.Phosphorus_.mg.                                              Phos |
  |  -2.43 | 0.008 |    36.92   120.37 |    24.52   127.49 |   2.Energ_Kcal                                                   Ener |
  |  -2.50 | 0.006 |     0.78    11.48 |     0.39    15.87 |  18.Selenium_.µg.                                                Sele |
  |  -2.74 | 0.003 |     2.46     9.24 |     1.37     9.20 |   3.Protein_.g.                                                  Prot |
 F+--------+-------+-------------------+-------------------+-----------------------------------------------------------------------+
Z 
p 
d2Classe  4 /  6      
 E+--------+-------+-------------------+-------------------+-----------------------------------------------------------------------+
 E| V.TEST | PROBA |     MOYENNES      |   ECARTS TYPES    |                    VARIABLES CARACTERISTIQUES                         |
 E|        |       |  CLASSE  GENERALE |  CLASSE  GENERAL  | NUM.LIBELLE                                                      IDEN |
 E+--------+-------+-------------------+-------------------+-----------------------------------------------------------------------+
  |                 Classe  4 /  6       ( POIDS =   103.00      EFFECTIF =  103 )                                            bb4b |
  |                                                                                                                                |
  |   8.10 | 0.000 |     4.96     2.86 |     3.85     3.63 |   8.Sugar_Tot_.g.                                                Suga |
  |   6.83 | 0.000 |    85.41    74.19 |    12.41    23.08 |   1.Water_.g.                                                    Wate |
  |   6.00 | 0.000 |    26.43    14.76 |    34.51    27.34 |  19.Vit_C_.mg.                                                   Vit_ |
  |   2.94 | 0.002 |    30.75    16.77 |    91.52    66.87 |  35.Beta_Crypt_.µg.                                              Beta |
  |        |       |                   |                   |                                                                       |
  |  -2.43 | 0.008 |     1.31    44.37 |     9.83   248.94 |  32.Retinol_.µg.                                                 Reti |
  |  -2.57 | 0.005 |    32.57    52.76 |    46.74   110.30 |  28.Folate_DFE_.µg.                                              Fola |
  |  -2.59 | 0.005 |   407.35   937.29 |   731.89  2878.78 |  31.Vit_A_IU                                                     Vit_ |
  |  -2.72 | 0.003 |    31.06    52.03 |    36.67   108.59 |  25.Folate_Tot_.µg.                                              Fola |
  |  -2.73 | 0.003 |     0.47     0.67 |     0.96     1.05 |  38.Vit_E_.mg.                                                   Vit_ |
  |  -2.88 | 0.002 |    28.89    50.99 |    30.94   107.93 |  27.Food_Folate_.µg.                                             Food |
  |  -3.48 | 0.000 |    27.14    47.79 |    29.01    83.54 |   9.Calcium_.mg.                                                 Calc |
  |  -3.58 | 0.000 |     0.10     0.19 |     0.08     0.37 |  16.Copper_mg.                                                   Copp |
  |  -3.64 | 0.000 |   242.86   317.41 |   131.14   288.22 |  13.Potassium_.mg.                                               Pota |
  |  -3.87 | 0.000 |     0.84    42.13 |     5.76   150.11 |  39.Vit_D_IU                                                     Vit_ |
  |  -4.30 | 0.000 |     0.12     1.87 |     0.36     5.72 |  41.FA_Sat_.g.                                                   FA_S |
  |  -4.36 | 0.000 |    18.67    33.81 |    13.73    48.84 |  11.Magnesium_.mg.                                               Magn |
  |  -4.54 | 0.000 |     0.14     0.77 |     0.26     1.94 |  43.FA_Poly_.g.                                                  FA_P |
  |  -4.63 | 0.000 |     0.30     1.26 |     0.27     2.92 |  15.Zinc_.mg.                                                    Zinc |
  |  -4.72 | 0.000 |     0.07     0.13 |     0.08     0.20 |  20.Thiamin_.mg.                                                 Thia |
  |  -5.09 | 0.000 |     0.24     1.74 |     1.35     4.13 |  42.FA_Mono_.g.                                                  FA_M |
  |  -5.23 | 0.000 |     0.19    41.35 |     1.38   110.71 |  44.Cholestrl_.mg.                                               Chol |
  |  -5.29 | 0.000 |     0.64     4.92 |     2.07    11.39 |   4.Lipid_Tot_.g.                                                Lipi |
  |  -5.41 | 0.000 |     0.58     1.32 |     0.60     1.95 |  10.Iron_.mg.                                                    Iron |
  |  -5.61 | 0.000 |    12.32    78.10 |    21.14   164.87 |  14.Sodium_.mg.                                                  Sodi |
  |  -5.77 | 0.000 |     0.01     1.11 |     0.07     2.68 |  30.Vit_B12_.µg.                                                 Vit_ |
  |  -5.88 | 0.000 |     0.32     0.58 |     0.30     0.63 |  23.Panto_Acid_mg.                                               Pant |
  |  -6.22 | 0.000 |     0.06     0.15 |     0.07     0.19 |  21.Riboflavin_.mg.                                              Ribo |
  |  -7.28 | 0.000 |     0.11     0.21 |     0.09     0.20 |  24.Vit_B6_.mg.                                                  Vit_ |
  |  -7.33 | 0.000 |    53.93   120.37 |    53.50   127.49 |   2.Energ_Kcal                                                   Ener |
  |  -7.48 | 0.000 |     0.64     1.16 |     0.34     0.96 |   5.Ash_.g.                                                      Ash_ |
  |  -7.75 | 0.000 |     0.67     2.22 |     0.78     2.80 |  22.Niacin_.mg.                                                  Niac |
  |  -8.76 | 0.000 |    11.38    40.20 |     9.98    46.26 |  29.Choline_Tot_..mg.                                            Chol |
  |  -9.26 | 0.000 |     1.03    11.48 |     2.51    15.87 |  18.Selenium_.µg.                                                Sele |
  | -10.35 | 0.000 |    37.84   130.89 |    30.33   126.33 |  12.Phosphorus_.mg.                                              Phos |
  | -11.57 | 0.000 |     1.67     9.24 |     1.63     9.20 |   3.Protein_.g.                                                  Prot |
 F+--------+-------+-------------------+-------------------+-----------------------------------------------------------------------+
Z 
p 
d2Classe  5 /  6      
 E+--------+-------+-------------------+-------------------+-----------------------------------------------------------------------+
 E| V.TEST | PROBA |     MOYENNES      |   ECARTS TYPES    |                    VARIABLES CARACTERISTIQUES                         |
 E|        |       |  CLASSE  GENERALE |  CLASSE  GENERAL  | NUM.LIBELLE                                                      IDEN |
 E+--------+-------+-------------------+-------------------+-----------------------------------------------------------------------+
p 
d2Classe  6 /  6      
 E+--------+-------+-------------------+-------------------+-----------------------------------------------------------------------+
 E| V.TEST | PROBA |     MOYENNES      |   ECARTS TYPES    |                    VARIABLES CARACTERISTIQUES                         |
 E|        |       |  CLASSE  GENERALE |  CLASSE  GENERAL  | NUM.LIBELLE                                                      IDEN |
 E+--------+-------+-------------------+-------------------+-----------------------------------------------------------------------+
  |                 Classe  6 /  6       ( POIDS =    12.00      EFFECTIF =   12 )                                            bb6b |
  |                                                                                                                                |
  |  11.93 | 0.000 |   412.92    50.99 |   154.60   107.93 |  27.Food_Folate_.µg.                                             Food |
  |  11.82 | 0.000 |   412.92    52.03 |   154.60   108.59 |  25.Folate_Tot_.µg.                                              Fola |
  |  11.62 | 0.000 |   412.92    52.76 |   154.60   110.30 |  28.Folate_DFE_.µg.                                              Fola |
  |  11.55 | 0.000 |  1252.92   317.41 |   554.76   288.22 |  13.Potassium_.mg.                                               Pota |
  |  11.51 | 0.000 |   191.83    33.81 |    92.90    48.84 |  11.Magnesium_.mg.                                               Magn |
  |  11.38 | 0.000 |    13.63     2.23 |     4.37     3.56 |   7.Fiber_TD_.g.                                                 Fibe |
  |  10.79 | 0.000 |     7.23     1.32 |     3.01     1.95 |  10.Iron_.mg.                                                    Iron |
  |  10.20 | 0.000 |     0.72     0.13 |     0.21     0.20 |  20.Thiamin_.mg.                                                 Thia |
  |   8.98 | 0.000 |    52.97    10.55 |    16.03    16.80 |   6.Carbohydrt_.g.                                               Carb |
  |   8.35 | 0.000 |     3.41     1.16 |     0.72     0.96 |   5.Ash_.g.                                                      Ash_ |
  |   8.34 | 0.000 |     1.06     0.19 |     0.63     0.37 |  16.Copper_mg.                                                   Copp |
  |   8.31 | 0.000 |   426.00   130.89 |   145.94   126.33 |  12.Phosphorus_.mg.                                              Phos |
  |   7.23 | 0.000 |     3.60     0.41 |     5.47     1.57 |  17.Manganese_.mg.                                               Mang |
  |   7.01 | 0.000 |   371.50   120.37 |    76.51   127.49 |   2.Energ_Kcal                                                   Ener |
  |   6.20 | 0.000 |    25.29     9.24 |     5.78     9.20 |   3.Protein_.g.                                                  Prot |
  |   5.87 | 0.000 |     3.97     0.77 |     5.27     1.94 |  43.FA_Poly_.g.                                                  FA_P |
  |   4.36 | 0.000 |     1.35     0.58 |     0.47     0.63 |  23.Panto_Acid_mg.                                               Pant |
  |   3.79 | 0.000 |    89.48    40.20 |    38.17    46.26 |  29.Choline_Tot_..mg.                                            Chol |
  |   3.63 | 0.000 |     0.35     0.15 |     0.31     0.19 |  21.Riboflavin_.mg.                                              Ribo |
  |   3.34 | 0.000 |   126.33    47.79 |    72.86    83.54 |   9.Calcium_.mg.                                                 Calc |
  |   3.05 | 0.001 |     0.38     0.21 |     0.10     0.20 |  24.Vit_B6_.mg.                                                  Vit_ |
  |   2.58 | 0.005 |     3.38     1.26 |     0.58     2.92 |  15.Zinc_.mg.                                                    Zinc |
  |   2.03 | 0.021 |     4.94     2.86 |     2.85     3.63 |   8.Sugar_Tot_.g.                                                Suga |
  |        |       |                   |                   |                                                                       |
  | -10.04 | 0.000 |     9.06    74.19 |     2.22    23.08 |   1.Water_.g.                                                    Wate |
 F+--------+-------+-------------------+-------------------+-----------------------------------------------------------------------+
Z 
Z 
Z 
P 
