a1SELECTION DES INDIVIDUS ET DES VARIABLES UTILES          
b2VARIABLES NOMINALES ILLUSTRATIVES
X      3 VARIABLES      21 MODALITES ASSOCIEES
 E----------------------------------------------------------------------------------------------------------------------------------
    44 . FdGrp_Desc                                                   (  10 MODALITES )
    45 . Rec_Water_.g.                                                (   6 MODALITES )
    46 . Rec_FA_Sat_.g.                                               (   5 MODALITES )
 F----------------------------------------------------------------------------------------------------------------------------------
b2VARIABLES CONTINUES ACTIVES
X     41 VARIABLES
 E----------------------------------------------------------------------------------------------------------------------------------
     2 . Energ_Kcal                                                   ( CONTINUE )
     3 . Protein_.g.                                                  ( CONTINUE )
     4 . Lipid_Tot_.g.                                                ( CONTINUE )
     5 . Ash_.g.                                                      ( CONTINUE )
     6 . Carbohydrt_.g.                                               ( CONTINUE )
     7 . Fiber_TD_.g.                                                 ( CONTINUE )
     8 . Sugar_Tot_.g.                                                ( CONTINUE )
     9 . Calcium_.mg.                                                 ( CONTINUE )
    10 . Iron_.mg.                                                    ( CONTINUE )
    11 . Magnesium_.mg.                                               ( CONTINUE )
    12 . Phosphorus_.mg.                                              ( CONTINUE )
    13 . Potassium_.mg.                                               ( CONTINUE )
    14 . Sodium_.mg.                                                  ( CONTINUE )
    15 . Zinc_.mg.                                                    ( CONTINUE )
    16 . Copper_mg.                                                   ( CONTINUE )
    17 . Manganese_.mg.                                               ( CONTINUE )
    18 . Selenium_.µg.                                                ( CONTINUE )
    19 . Vit_C_.mg.                                                   ( CONTINUE )
    20 . Thiamin_.mg.                                                 ( CONTINUE )
    21 . Riboflavin_.mg.                                              ( CONTINUE )
    22 . Niacin_.mg.                                                  ( CONTINUE )
    23 . Panto_Acid_mg.                                               ( CONTINUE )
    24 . Vit_B6_.mg.                                                  ( CONTINUE )
    25 . Folate_Tot_.µg.                                              ( CONTINUE )
    26 . Food_Folate_.µg.                                             ( CONTINUE )
    27 . Folate_DFE_.µg.                                              ( CONTINUE )
    28 . Choline_Tot_..mg.                                            ( CONTINUE )
    29 . Vit_B12_.µg.                                                 ( CONTINUE )
    30 . Vit_A_IU                                                     ( CONTINUE )
    31 . Retinol_.µg.                                                 ( CONTINUE )
    32 . Alpha_Carot_.µg.                                             ( CONTINUE )
    33 . Beta_Carot_.µg.                                              ( CONTINUE )
    34 . Beta_Crypt_.µg.                                              ( CONTINUE )
    35 . Lycopene_.µg.                                                ( CONTINUE )
    36 . Lut.Zea_..µg.                                                ( CONTINUE )
    37 . Vit_E_.mg.                                                   ( CONTINUE )
    38 . Vit_D_IU                                                     ( CONTINUE )
    39 . Vit_K_.µg.                                                   ( CONTINUE )
    41 . FA_Mono_.g.                                                  ( CONTINUE )
    42 . FA_Poly_.g.                                                  ( CONTINUE )
    43 . Cholestrl_.mg.                                               ( CONTINUE )
 F----------------------------------------------------------------------------------------------------------------------------------
b2VARIABLES CONTINUES ILLUSTRATIVES
X      2 VARIABLES
 E----------------------------------------------------------------------------------------------------------------------------------
     1 . Water_.g.                                                    ( CONTINUE )
    40 . FA_Sat_.g.                                                   ( CONTINUE )
 F----------------------------------------------------------------------------------------------------------------------------------
Z 
p 
B2INDIVIDUS
 E----------------------------- NOMBRE -------------- POIDS ---------------
   POIDS DES INDIVIDUS: Poids des individus, uniforme egal a 1.                 UNIF
   RETENUS ............ NITOT =    189      PITOT =             189.000
   ACTIFS ............. NIACT =    189      PIACT =             189.000
   SUPPLEMENTAIRES .... NISUP =      0      PISUP =               0.000
 F-------------------------------------------------------------------------
Z 
Z 
P 
a1ANALYSE EN COMPOSANTES PRINCIPALES                       
b2STATISTIQUES SOMMAIRES DES VARIABLES CONTINUES
 EEFFECTIF TOTAL :     189             POIDS TOTAL    :     189.00
 e+-------------------------------------------------------+----------------------+----------------------+
 e| NUM . IDEN - LIBELLE               EFFECTIF    POIDS  |  MOYENNE  ECART-TYPE |   MINIMUM   MAXIMUM  |
 e+-------------------------------------------------------+----------------------+----------------------+
  |   2 . Ener - Energ_Kcal               189     189.00  |    118.94    125.20  |     11.00    718.00  |
  |   3 . Prot - Protein_.g.              189     189.00  |      9.42      9.01  |      0.26     26.12  |
  |   4 . Lipi - Lipid_Tot_.g.            189     189.00  |      5.02     11.89  |      0.03     81.11  |
  |   5 . Ash_ - Ash_.g.                  189     189.00  |      1.16      0.93  |      0.12      7.20  |
  |   6 . Carb - Carbohydrt_.g.           189     189.00  |      9.83     15.67  |      0.00     77.72  |
  |   7 . Fibe - Fiber_TD_.g.             189     189.00  |      2.24      3.61  |      0.00     25.00  |
  |   8 . Suga - Sugar_Tot_.g.            189     189.00  |      2.71      3.66  |      0.00     16.26  |
  |   9 . Calc - Calcium_.mg.             189     189.00  |     48.23     85.95  |      1.00    674.00  |
  |  10 . Iron - Iron_.mg.                189     189.00  |      1.16      1.55  |      0.00     10.44  |
  |  11 . Magn - Magnesium_.mg.           189     189.00  |     32.34     38.69  |      1.00    235.00  |
  |  12 . Phos - Phosphorus_.mg.          189     189.00  |    130.86    120.08  |      5.00    734.00  |
  |  13 . Pota - Potassium_.mg.           189     189.00  |    309.31    232.05  |     24.00   1795.00  |
  |  14 . Sodi - Sodium_.mg.              189     189.00  |     83.69    173.66  |      0.00   1146.00  |
  |  15 . Zinc - Zinc_.mg.                189     189.00  |      1.09      1.32  |      0.02      6.26  |
  |  16 . Copp - Copper_mg.               189     189.00  |      0.16      0.25  |      0.00      1.89  |
  |  17 . Mang - Manganese_.mg.           189     189.00  |      0.31      0.64  |      0.00      5.63  |
  |  18 . Sele - Selenium_.µg.            189     189.00  |     11.57     15.93  |      0.00     90.60  |
  |  19 . Vit_ - Vit_C_.mg.               189     189.00  |     12.22     18.91  |      0.00     92.70  |
  |  20 . Thia - Thiamin_.mg.             189     189.00  |      0.13      0.20  |      0.00      1.17  |
  |  21 . Ribo - Riboflavin_.mg.          189     189.00  |      0.13      0.13  |      0.01      0.84  |
  |  22 . Niac - Niacin_.mg.              189     189.00  |      2.34      2.86  |      0.02     18.48  |
  |  23 . Pant - Panto_Acid_mg.           189     189.00  |      0.54      0.47  |      0.05      3.00  |
  |  24 . Vit_ - Vit_B6_.mg.              189     189.00  |      0.21      0.20  |      0.00      1.24  |
  |  25 . Fola - Folate_Tot_.µg.          189     189.00  |     44.97     95.57  |      0.00    633.00  |
  |  26 . Food - Food_Folate_.µg.         189     189.00  |     44.97     95.57  |      0.00    633.00  |
  |  27 . Fola - Folate_DFE_.µg.          189     189.00  |     44.97     95.57  |      0.00    633.00  |
  |  28 . Chol - Choline_Tot_..mg.        189     189.00  |     35.64     29.71  |      0.00     99.90  |
  |  29 . Vit_ - Vit_B12_.µg.             189     189.00  |      1.05      2.50  |      0.00     20.00  |
  |  30 . Vit_ - Vit_A_IU                 189     189.00  |    803.08   2670.59  |      0.00  27521.00  |
  |  31 . Reti - Retinol_.µg.             189     189.00  |     29.11    116.79  |      0.00   1043.00  |
  |  32 . Alph - Alpha_Carot_.µg.         189     189.00  |      9.88     54.58  |      0.00    629.00  |
  |  33 . Beta - Beta_Carot_.µg.          189     189.00  |    412.77   1576.66  |      0.00  16194.00  |
  |  34 . Beta - Beta_Crypt_.µg.          189     189.00  |     12.01     45.53  |      0.00    407.00  |
  |  35 . Lyco - Lycopene_.µg.            189     189.00  |      0.09      1.04  |      0.00     14.00  |
  |  36 . Lut. - Lut.Zea_..µg.            189     189.00  |    446.23   1807.71  |      0.00  13610.00  |
  |  37 . Vit_ - Vit_E_.mg.               189     189.00  |      0.67      1.11  |      0.00      8.93  |
  |  38 . Vit_ - Vit_D_IU                 189     189.00  |     46.25    159.01  |      0.00   1123.00  |
  |  39 . Vit_ - Vit_K_.µg.               189     189.00  |     29.42    103.50  |      0.00    830.00  |
  |  41 . FA_M - FA_Mono_.g.              189     189.00  |      1.80      4.33  |      0.00     28.04  |
  |  42 . FA_P - FA_Poly_.g.              189     189.00  |      0.69      1.72  |      0.00     15.56  |
  |  43 . Chol - Cholestrl_.mg.           189     189.00  |     29.16     43.01  |      0.00    233.00  |
  |-------------------------------------------------------|----------------------|-----------------------
  |   1 . Wate - Water_.g.                189     189.00  |     74.63     21.63  |      6.50     96.73  |
  |  40 . FA_S - FA_Sat_.g.               189     189.00  |      2.00      6.05  |      0.01     51.37  |
 f+-------------------------------------------------------+----------------------+----------------------+
Z 
p 
b2MATRICE DES CORRELATIONS
cE     |   Ener   Prot   Lipi   Ash_   Carb   Fibe   Suga   Calc   Iron   Magn   Phos   Pota   Sodi   Zinc   Copp   Mang   Sele
  -----+-----------------------------------------------------------------------------------------------------------------------
  Ener |   1.00
  Prot |   0.49   1.00
  Lipi |   0.83   0.22   1.00
  Ash_ |   0.44   0.45   0.22   1.00
  Carb |   0.31  -0.03  -0.17   0.28   1.00
  Fibe |   0.23  -0.02  -0.14   0.32   0.81   1.00
  Suga |  -0.23  -0.52  -0.23  -0.28   0.29   0.24   1.00
  Calc |   0.23   0.15   0.19   0.64   0.08   0.15  -0.08   1.00
  Iron |   0.37   0.44  -0.01   0.53   0.56   0.64  -0.13   0.18   1.00
  Magn |   0.38   0.35  -0.03   0.58   0.70   0.73  -0.08   0.22   0.77   1.00
  Phos |   0.51   0.84   0.18   0.60   0.27   0.23  -0.43   0.31   0.50   0.59   1.00
  Pota |   0.30   0.34  -0.09   0.46   0.58   0.68  -0.09   0.13   0.75   0.71   0.43   1.00
  Sodi |   0.34   0.25   0.42   0.66  -0.21  -0.24  -0.27   0.57  -0.04  -0.03   0.31  -0.20   1.00
  Zinc |   0.50   0.72   0.22   0.38   0.21   0.16  -0.34   0.17   0.51   0.40   0.63   0.34   0.15   1.00
  Copp |   0.27   0.28  -0.03   0.39   0.47   0.50  -0.05   0.12   0.63   0.61   0.34   0.54  -0.03   0.35   1.00
  Mang |   0.22   0.07  -0.06   0.37   0.63   0.60   0.01   0.19   0.56   0.71   0.39   0.39  -0.07   0.21   0.38   1.00
  Sele |   0.19   0.70   0.07   0.21  -0.19  -0.23  -0.47  -0.04   0.13   0.12   0.58   0.04   0.22   0.32   0.17   0.04   1.00
  Vit_ |  -0.35  -0.50  -0.24  -0.23   0.03   0.10   0.31  -0.02  -0.14  -0.14  -0.45  -0.06  -0.23  -0.36  -0.13   0.00  -0.41
  Thia |   0.38   0.42   0.06   0.35   0.49   0.48  -0.11   0.03   0.60   0.60   0.55   0.58  -0.12   0.39   0.39   0.50   0.18
  Ribo |   0.33   0.53   0.22   0.51  -0.03   0.02  -0.31   0.45   0.30   0.22   0.50   0.17   0.37   0.55   0.23   0.12   0.23
  Niac |   0.32   0.68   0.19   0.08  -0.12  -0.14  -0.39  -0.18   0.14   0.16   0.49   0.14  -0.06   0.51   0.08  -0.03   0.55
  Pant |   0.38   0.55   0.17   0.44   0.17   0.17  -0.31   0.15   0.39   0.40   0.58   0.35   0.19   0.46   0.35   0.22   0.28
  Vit_ |   0.25   0.62   0.02   0.22   0.09   0.02  -0.35   0.03   0.29   0.22   0.49   0.33  -0.03   0.48   0.12   0.10   0.45
  Fola |   0.31   0.22  -0.05   0.54   0.62   0.73   0.07   0.23   0.76   0.72   0.33   0.76  -0.05   0.28   0.55   0.42  -0.16
  Food |   0.31   0.22  -0.05   0.54   0.62   0.73   0.07   0.23   0.76   0.72   0.33   0.76  -0.05   0.28   0.55   0.42  -0.16
  Fola |   0.31   0.22  -0.05   0.54   0.62   0.73   0.07   0.23   0.76   0.72   0.33   0.76  -0.05   0.28   0.55   0.42  -0.16
  Chol |   0.35   0.87   0.10   0.29  -0.04  -0.01  -0.52  -0.11   0.41   0.29   0.70   0.35   0.10   0.61   0.28   0.02   0.64
  Vit_ |   0.08   0.42   0.06   0.12  -0.23  -0.26  -0.30  -0.02   0.19  -0.01   0.29  -0.04   0.22   0.17   0.03  -0.01   0.52
  Vit_ |  -0.08  -0.17  -0.01   0.07  -0.02   0.13   0.02   0.31   0.07   0.09  -0.15   0.02   0.00  -0.13   0.02   0.23  -0.17
  Reti |   0.41   0.14   0.51   0.19  -0.14  -0.15  -0.16   0.17  -0.09  -0.07   0.13  -0.13   0.38   0.00  -0.11  -0.10   0.06
  Alph |  -0.08  -0.12  -0.05   0.02   0.03   0.19   0.11   0.28   0.08   0.09  -0.11  -0.02  -0.06  -0.09   0.04   0.23  -0.12
  Beta |  -0.14  -0.19  -0.09   0.05   0.00   0.15   0.03   0.28   0.08   0.10  -0.16   0.04  -0.06  -0.13   0.04   0.24  -0.18
  Beta |  -0.14  -0.24  -0.09  -0.15   0.02   0.00   0.34  -0.02  -0.10  -0.11  -0.22  -0.08  -0.11  -0.18  -0.08  -0.07  -0.19
  Lyco |  -0.05  -0.08  -0.04  -0.05   0.00   0.00   0.08  -0.01  -0.04  -0.03  -0.06  -0.01  -0.04  -0.06  -0.04  -0.03  -0.06
  Lut. |  -0.17  -0.19  -0.09   0.06  -0.05   0.05  -0.08   0.17   0.08   0.09  -0.15   0.08  -0.03  -0.12   0.00   0.07  -0.16
  Vit_ |   0.15   0.03   0.20   0.13  -0.04   0.04  -0.04   0.04   0.09   0.17   0.07   0.09   0.04  -0.05   0.18   0.14   0.03
  Vit_ |   0.04   0.23   0.05   0.01  -0.16  -0.15  -0.19  -0.08  -0.09  -0.02   0.24  -0.01  -0.03  -0.04  -0.09  -0.12   0.22
  Vit_ |  -0.18  -0.20  -0.10   0.07  -0.06   0.06  -0.10   0.18   0.09   0.08  -0.18   0.08  -0.02  -0.13  -0.01   0.07  -0.18
  FA_M |   0.80   0.25   0.95   0.16  -0.18  -0.12  -0.24   0.10   0.02  -0.01   0.18  -0.05   0.28   0.25   0.00  -0.05   0.08
  FA_P |   0.65   0.25   0.72   0.09  -0.05   0.02  -0.16   0.00   0.12   0.18   0.24   0.08   0.05   0.16   0.16   0.14   0.11
  Chol |   0.52   0.58   0.60   0.21  -0.39  -0.42  -0.48   0.07  -0.06  -0.14   0.40  -0.16   0.48   0.39   0.11  -0.25   0.54
  -----+-----------------------------------------------------------------------------------------------------------------------
 F     |   Ener   Prot   Lipi   Ash_   Carb   Fibe   Suga   Calc   Iron   Magn   Phos   Pota   Sodi   Zinc   Copp   Mang   Sele
Z 
p 
cE     |   Vit_   Thia   Ribo   Niac   Pant   Vit_   Fola   Food   Fola   Chol   Vit_   Vit_   Reti   Alph   Beta   Beta   Lyco
  -----+-----------------------------------------------------------------------------------------------------------------------
  Vit_ |   1.00
  Thia |  -0.15   1.00
  Ribo |  -0.26   0.33   1.00
  Niac |  -0.37   0.26   0.40   1.00
  Pant |  -0.29   0.48   0.48   0.42   1.00
  Vit_ |  -0.24   0.37   0.40   0.67   0.38   1.00
  Fola |   0.00   0.54   0.17  -0.04   0.36   0.10   1.00
  Food |   0.00   0.54   0.17  -0.04   0.36   0.10   1.00   1.00
  Fola |   0.00   0.54   0.17  -0.04   0.36   0.10   1.00   1.00   1.00
  Chol |  -0.42   0.39   0.38   0.66   0.51   0.55   0.22   0.22   0.22   1.00
  Vit_ |  -0.24  -0.04   0.16   0.27   0.13   0.19  -0.14  -0.14  -0.14   0.42   1.00
  Vit_ |   0.12  -0.08   0.11  -0.11  -0.11  -0.02   0.05   0.05   0.05  -0.17  -0.08   1.00
  Reti |  -0.15  -0.04   0.08   0.05   0.01  -0.05  -0.08  -0.08  -0.08   0.06   0.19   0.09   1.00
  Alph |   0.11  -0.04   0.11  -0.07  -0.10   0.02   0.01   0.01   0.01  -0.11  -0.08   0.75  -0.04   1.00
  Beta |   0.14  -0.07   0.10  -0.12  -0.10  -0.01   0.07   0.07   0.07  -0.18  -0.11   0.99  -0.06   0.75   1.00
  Beta |   0.22  -0.08  -0.13  -0.16  -0.14  -0.17  -0.05  -0.05  -0.05  -0.22  -0.11   0.09  -0.06   0.25   0.08   1.00
  Lyco |   0.07  -0.02  -0.06  -0.05  -0.07  -0.05  -0.02  -0.02  -0.02  -0.07  -0.04  -0.02  -0.02  -0.01  -0.02  -0.02   1.00
  Lut. |   0.24  -0.04   0.04  -0.14  -0.11  -0.06   0.08   0.08   0.08  -0.14  -0.10   0.49  -0.06   0.33   0.50   0.08  -0.02
  Vit_ |   0.05   0.06  -0.03   0.10   0.19   0.01   0.08   0.08   0.08   0.03   0.04   0.22   0.20   0.16   0.19   0.17  -0.02
  Vit_ |  -0.18   0.04   0.04   0.30   0.08   0.12  -0.10  -0.10  -0.10   0.27   0.20  -0.03   0.33  -0.05  -0.08  -0.08  -0.03
  Vit_ |   0.28  -0.05   0.03  -0.15  -0.11  -0.08   0.08   0.08   0.08  -0.15  -0.12   0.51  -0.07   0.34   0.52   0.12  -0.02
  FA_M |  -0.24   0.09   0.19   0.26   0.21   0.04  -0.04  -0.04  -0.04   0.14   0.07  -0.04   0.40  -0.06  -0.10  -0.09  -0.04
  FA_P |  -0.19   0.21   0.09   0.32   0.27   0.09   0.06   0.06   0.06   0.16   0.08  -0.03   0.14  -0.02  -0.05  -0.08  -0.03
  Chol |  -0.41  -0.02   0.34   0.38   0.24   0.22  -0.23  -0.23  -0.23   0.56   0.31  -0.10   0.49  -0.12  -0.17  -0.17  -0.06
  -----+-----------------------------------------------------------------------------------------------------------------------
 F     |   Vit_   Thia   Ribo   Niac   Pant   Vit_   Fola   Food   Fola   Chol   Vit_   Vit_   Reti   Alph   Beta   Beta   Lyco
Z 
p 
cE     |   Lut.   Vit_   Vit_   Vit_   FA_M   FA_P   Chol
  -----+-------------------------------------------------
  Lut. |   1.00
  Vit_ |   0.25   1.00
  Vit_ |  -0.07   0.13   1.00
  Vit_ |   0.89   0.26  -0.08   1.00
  FA_M |  -0.10   0.25   0.07  -0.10   1.00
  FA_P |  -0.07   0.37   0.12  -0.08   0.84   1.00
  Chol |  -0.17   0.08   0.19  -0.18   0.52   0.27   1.00
  -----+-------------------------------------------------
 F     |   Lut.   Vit_   Vit_   Vit_   FA_M   FA_P   Chol
Z 
Z 
p 
b2MATRICE DES VALEURS-TESTS
cE     |   Ener   Prot   Lipi   Ash_   Carb   Fibe   Suga   Calc   Iron   Magn   Phos   Pota   Sodi   Zinc   Copp   Mang   Sele
  -----+-----------------------------------------------------------------------------------------------------------------------
  Ener |  99.99
  Prot |   7.29  99.99
  Lipi |  16.55   3.12  99.99
  Ash_ |   6.48   6.59   3.05  99.99
  Carb |   4.35  -0.36  -2.32   3.92  99.99
  Fibe |   3.29  -0.22  -1.89   4.51  15.62  99.99
  Suga |  -3.17  -7.85  -3.28  -3.97   4.05   3.29  99.99
  Calc |   3.24   2.06   2.57  10.52   1.05   2.10  -1.08  99.99
  Iron |   5.39   6.54  -0.15   8.13   8.74  10.36  -1.82   2.51  99.99
  Magn |   5.46   5.05  -0.46   9.14  12.01  12.65  -1.08   3.10  14.06  99.99
  Phos |   7.80  16.68   2.45   9.52   3.86   3.21  -6.29   4.36   7.54   9.37  99.99
  Pota |   4.25   4.94  -1.21   6.84   9.18  11.32  -1.23   1.74  13.29  12.31   6.35  99.99
  Sodi |   4.82   3.48   6.14  10.99  -2.93  -3.42  -3.79   8.95  -0.56  -0.39   4.41  -2.82  99.99
  Zinc |   7.49  12.37   3.05   5.56   2.87   2.16  -4.87   2.38   7.78   5.80  10.24   4.88   2.09  99.99
  Copp |   3.82   3.94  -0.42   5.69   7.00   7.57  -0.74   1.62  10.11   9.76   4.92   8.26  -0.42   5.05  99.99
  Mang |   3.05   0.97  -0.81   5.27  10.24   9.53   0.15   2.62   8.73  12.27   5.63   5.66  -0.91   2.89   5.58  99.99
  Sele |   2.64  11.95   1.02   2.95  -2.58  -3.26  -7.02  -0.49   1.86   1.68   9.03   0.61   3.12   4.60   2.31   0.50  99.99
  Vit_ |  -5.03  -7.58  -3.36  -3.19   0.37   1.35   4.46  -0.23  -1.95  -1.91  -6.59  -0.87  -3.28  -5.21  -1.80  -0.05  -5.93
  Thia |   5.50   6.15   0.76   4.96   7.44   7.25  -1.54   0.46   9.47   9.61   8.45   9.03  -1.62   5.65   5.64   7.61   2.45
  Ribo |   4.69   8.12   3.03   7.74  -0.35   0.34  -4.45   6.72   4.25   3.08   7.52   2.42   5.28   8.54   3.15   1.63   3.21
  Niac |   4.52  11.52   2.59   1.17  -1.64  -1.95  -5.71  -2.52   1.99   2.16   7.31   1.90  -0.78   7.70   1.03  -0.38   8.47
  Pant |   5.53   8.57   2.34   6.45   2.39   2.36  -4.46   2.01   5.72   5.77   9.01   4.97   2.58   6.75   5.06   3.12   3.98
  Vit_ |   3.51   9.86   0.23   3.13   1.27   0.32  -4.97   0.43   4.04   3.04   7.33   4.67  -0.40   7.25   1.59   1.42   6.69
  Fola |   4.45   3.04  -0.69   8.34  10.07  12.80   0.90   3.25  13.60  12.46   4.77  13.78  -0.66   3.97   8.57   6.12  -2.20
  Food |   4.45   3.04  -0.69   8.34  10.07  12.80   0.90   3.25  13.60  12.46   4.77  13.78  -0.66   3.97   8.57   6.12  -2.20
  Fola |   4.45   3.04  -0.69   8.34  10.07  12.80   0.90   3.25  13.60  12.46   4.77  13.78  -0.66   3.97   8.57   6.12  -2.20
  Chol |   5.01  18.56   1.44   4.15  -0.53  -0.20  -7.99  -1.45   5.98   4.14  11.98   5.04   1.37   9.68   3.95   0.31  10.52
  Vit_ |   1.15   6.15   0.88   1.71  -3.27  -3.68  -4.31  -0.27   2.65  -0.09   4.16  -0.57   3.11   2.38   0.48  -0.08   7.89
  Vit_ |  -1.07  -2.35  -0.17   1.01  -0.27   1.82   0.22   4.37   0.90   1.27  -2.01   0.21  -0.05  -1.81   0.30   3.18  -2.35
  Reti |   6.04   1.92   7.72   2.68  -1.95  -2.14  -2.29   2.34  -1.28  -0.97   1.84  -1.79   5.44  -0.01  -1.51  -1.34   0.80
  Alph |  -1.07  -1.71  -0.74   0.29   0.41   2.61   1.50   3.97   1.08   1.28  -1.47  -0.25  -0.80  -1.22   0.58   3.28  -1.71
  Beta |  -1.89  -2.60  -1.18   0.66   0.00   2.12   0.47   4.00   1.11   1.43  -2.25   0.50  -0.77  -1.78   0.53   3.40  -2.45
  Beta |  -1.90  -3.33  -1.22  -2.03   0.32   0.00   4.93  -0.34  -1.33  -1.48  -3.13  -1.08  -1.49  -2.50  -1.17  -0.93  -2.60
  Lyco |  -0.74  -1.11  -0.48  -0.66  -0.01  -0.02   1.10  -0.15  -0.59  -0.43  -0.84  -0.15  -0.51  -0.79  -0.55  -0.35  -0.82
  Lut. |  -2.29  -2.60  -1.26   0.84  -0.73   0.67  -1.10   2.39   1.14   1.20  -2.13   1.06  -0.34  -1.69  -0.05   1.03  -2.27
  Vit_ |   2.09   0.47   2.83   1.73  -0.53   0.60  -0.56   0.58   1.29   2.34   0.99   1.27   0.52  -0.73   2.52   1.90   0.47
  Vit_ |   0.57   3.22   0.70   0.14  -2.28  -2.10  -2.65  -1.15  -1.25  -0.31   3.32  -0.07  -0.35  -0.59  -1.28  -1.61   3.03
  Vit_ |  -2.51  -2.85  -1.34   0.98  -0.87   0.78  -1.37   2.55   1.21   1.10  -2.44   1.04  -0.30  -1.83  -0.15   1.00  -2.53
  FA_M |  15.04   3.54  25.70   2.16  -2.44  -1.62  -3.36   1.44   0.21  -0.12   2.51  -0.63   3.98   3.54   0.06  -0.66   1.15
  FA_P |  10.63   3.50  12.46   1.30  -0.64   0.33  -2.26   0.00   1.59   2.53   3.30   1.10   0.63   2.17   2.20   1.88   1.50
  Chol |   7.89   9.21   9.55   2.99  -5.73  -6.16  -7.17   0.90  -0.89  -2.00   5.90  -2.29   7.19   5.67   1.54  -3.55   8.27
  -----+-----------------------------------------------------------------------------------------------------------------------
 F     |   Ener   Prot   Lipi   Ash_   Carb   Fibe   Suga   Calc   Iron   Magn   Phos   Pota   Sodi   Zinc   Copp   Mang   Sele
Z 
p 
cE     |   Vit_   Thia   Ribo   Niac   Pant   Vit_   Fola   Food   Fola   Chol   Vit_   Vit_   Reti   Alph   Beta   Beta   Lyco
  -----+-----------------------------------------------------------------------------------------------------------------------
  Vit_ |  99.99
  Thia |  -2.07  99.99
  Ribo |  -3.59   4.71  99.99
  Niac |  -5.38   3.61   5.75  99.99
  Pant |  -4.10   7.10   7.28   6.16  99.99
  Vit_ |  -3.31   5.29   5.85  11.15   5.57  99.99
  Fola |   0.05   8.37   2.36  -0.58   5.14   1.42  99.99
  Food |   0.05   8.37   2.36  -0.58   5.14   1.42 119.11  99.99
  Fola |   0.05   8.37   2.36  -0.58   5.14   1.42 119.11 119.11  99.99
  Chol |  -6.17   5.66   5.43  10.96   7.71   8.48   3.13   3.13   3.13  99.99
  Vit_ |  -3.36  -0.54   2.27   3.74   1.78   2.68  -1.95  -1.95  -1.95   6.20  99.99
  Vit_ |   1.63  -1.04   1.46  -1.57  -1.46  -0.28   0.75   0.75   0.75  -2.41  -1.15  99.99
  Reti |  -2.12  -0.60   1.10   0.70   0.09  -0.64  -1.08  -1.08  -1.08   0.80   2.66   1.19  99.99
  Alph |   1.54  -0.59   1.51  -0.91  -1.42   0.34   0.08   0.08   0.08  -1.57  -1.05  13.35  -0.61  99.99
  Beta |   1.90  -0.94   1.32  -1.65  -1.44  -0.16   0.93   0.93   0.93  -2.50  -1.52  35.91  -0.80  13.28  99.99
  Beta |   3.09  -1.14  -1.86  -2.23  -1.98  -2.34  -0.74  -0.74  -0.74  -3.14  -1.53   1.19  -0.85   3.53   1.07  99.99
  Lyco |   0.93  -0.30  -0.88  -0.68  -0.94  -0.65  -0.25  -0.25  -0.25  -0.91  -0.50  -0.27  -0.30  -0.18  -0.23  -0.25  99.99
  Lut. |   3.35  -0.54   0.58  -1.90  -1.49  -0.84   1.06   1.06   1.06  -1.88  -1.43   7.35  -0.84   4.65   7.54   1.09  -0.28
  Vit_ |   0.72   0.89  -0.39   1.44   2.59   0.07   1.05   1.05   1.05   0.45   0.48   3.06   2.82   2.21   2.60   2.29  -0.29
  Vit_ |  -2.46   0.55   0.55   4.19   1.16   1.59  -1.35  -1.35  -1.35   3.80   2.84  -0.39   4.72  -0.72  -1.05  -1.06  -0.35
  Vit_ |   4.00  -0.70   0.42  -2.15  -1.55  -1.07   1.16   1.16   1.16  -2.07  -1.60   7.76  -0.91   4.86   7.96   1.65  -0.33
  FA_M |  -3.41   1.19   2.62   3.67   2.99   0.58  -0.58  -0.58  -0.58   1.89   0.98  -0.57   5.84  -0.85  -1.36  -1.18  -0.48
  FA_P |  -2.68   3.00   1.22   4.52   3.74   1.29   0.78   0.78   0.78   2.17   1.11  -0.44   2.00  -0.24  -0.72  -1.11  -0.42
  Chol |  -6.05  -0.29   4.94   5.58   3.40   3.09  -3.22  -3.22  -3.22   8.60   4.46  -1.41   7.30  -1.69  -2.38  -2.43  -0.81
  -----+-----------------------------------------------------------------------------------------------------------------------
 F     |   Vit_   Thia   Ribo   Niac   Pant   Vit_   Fola   Food   Fola   Chol   Vit_   Vit_   Reti   Alph   Beta   Beta   Lyco
Z 
p 
cE     |   Lut.   Vit_   Vit_   Vit_   FA_M   FA_P   Chol
  -----+-------------------------------------------------
  Lut. |  99.99
  Vit_ |   3.51  99.99
  Vit_ |  -0.99   1.74  99.99
  Vit_ |  19.77   3.68  -1.12  99.99
  FA_M |  -1.32   3.57   1.02  -1.40  99.99
  FA_P |  -0.93   5.33   1.64  -1.07  16.73  99.99
  Chol |  -2.31   1.17   2.69  -2.50   7.90   3.80  99.99
  -----+-------------------------------------------------
 F     |   Lut.   Vit_   Vit_   Vit_   FA_M   FA_P   Chol
Z 
Z 
P 
b2VALEURS PROPRES
X APERCU DE LA PRECISION DES CALCULS : TRACE AVANT DIAGONALISATION ..  41.0000
X                                      SOMME DES VALEURS PROPRES ....  41.0000
c2HISTOGRAMME DES 41 PREMIERES VALEURS PROPRES
 e+--------+------------+-------------+-------------+----------------------------------------------------------------------------------+
 e| NUMERO |   VALEUR   | POURCENTAGE | POURCENTAGE |                                                                                  |
 e|        |   PROPRE   |             |    CUMULE   |                                                                                  |
 e+--------+------------+-------------+-------------+----------------------------------------------------------------------------------+
  |    1   |  10.0763   |     24.58   |     24.58   | ******************************************************************************** |
  |    2   |   6.9934   |     17.06   |     41.63   | ********************************************************                         |
  |    3   |   3.8203   |      9.32   |     50.95   | *******************************                                                  |
  |    4   |   3.0824   |      7.52   |     58.47   | *************************                                                        |
  |    5   |   2.1867   |      5.33   |     63.80   | ******************                                                               |
  |    6   |   1.4858   |      3.62   |     67.43   | ************                                                                     |
  |    7   |   1.3638   |      3.33   |     70.75   | ***********                                                                      |
  |    8   |   1.1269   |      2.75   |     73.50   | *********                                                                        |
  |    9   |   1.1120   |      2.71   |     76.21   | *********                                                                        |
  |   10   |   1.0136   |      2.47   |     78.69   | *********                                                                        |
  |   11   |   0.9864   |      2.41   |     81.09   | ********                                                                         |
  |   12   |   0.8339   |      2.03   |     83.13   | *******                                                                          |
  |   13   |   0.7320   |      1.79   |     84.91   | ******                                                                           |
  |   14   |   0.6577   |      1.60   |     86.52   | ******                                                                           |
  |   15   |   0.6158   |      1.50   |     88.02   | *****                                                                            |
  |   16   |   0.5682   |      1.39   |     89.40   | *****                                                                            |
  |   17   |   0.5591   |      1.36   |     90.77   | *****                                                                            |
  |   18   |   0.4583   |      1.12   |     91.88   | ****                                                                             |
  |   19   |   0.4311   |      1.05   |     92.94   | ****                                                                             |
  |   20   |   0.3912   |      0.95   |     93.89   | ****                                                                             |
  |   21   |   0.3388   |      0.83   |     94.72   | ***                                                                              |
  |   22   |   0.2834   |      0.69   |     95.41   | ***                                                                              |
  |   23   |   0.2773   |      0.68   |     96.08   | ***                                                                              |
  |   24   |   0.2505   |      0.61   |     96.70   | **                                                                               |
  |   25   |   0.2051   |      0.50   |     97.20   | **                                                                               |
  |   26   |   0.1871   |      0.46   |     97.65   | **                                                                               |
  |   27   |   0.1842   |      0.45   |     98.10   | **                                                                               |
  |   28   |   0.1350   |      0.33   |     98.43   | **                                                                               |
  |   29   |   0.1227   |      0.30   |     98.73   | *                                                                                |
  |   30   |   0.1122   |      0.27   |     99.00   | *                                                                                |
  |   31   |   0.0997   |      0.24   |     99.25   | *                                                                                |
  |   32   |   0.0935   |      0.23   |     99.47   | *                                                                                |
  |   33   |   0.0677   |      0.17   |     99.64   | *                                                                                |
  |   34   |   0.0543   |      0.13   |     99.77   | *                                                                                |
  |   35   |   0.0406   |      0.10   |     99.87   | *                                                                                |
  |   36   |   0.0369   |      0.09   |     99.96   | *                                                                                |
  |   37   |   0.0148   |      0.04   |    100.00   | *                                                                                |
  |   38   |   0.0012   |      0.00   |    100.00   | *                                                                                |
  |   39   |   0.0000   |      0.00   |    100.00   | *                                                                                |
  |   40   |   0.0000   |      0.00   |    100.00   | *                                                                                |
  |   41   |   0.0000   |      0.00   |    100.00   | *                                                                                |
 f+--------+------------+-------------+-------------+----------------------------------------------------------------------------------+
Z
p 
c2RECHERCHE DE PALIERS (DIFFERENCES TROISIEMES)
 e+--------------+--------------+------------------------------------------------------+
 e|    PALIER    |  VALEUR DU   |                                                      |
 e|     ENTRE    |    PALIER    |                                                      |
 e+--------------+--------------+------------------------------------------------------+
  |    2  --  3  |    -2592.81  | **************************************************** |
  |    5  --  6  |     -693.72  | **************                                       |
  |    7  --  8  |     -305.52  | *******                                              |
  |   11  -- 12  |     -196.52  | ****                                                 |
  |   17  -- 18  |     -130.02  | ***                                                  |
  |   21  -- 22  |      -70.08  | **                                                   |
  |   27  -- 28  |      -61.21  | **                                                   |
  |   13  -- 14  |      -37.87  | *                                                    |
  |   32  -- 33  |      -25.99  | *                                                    |
  |   24  -- 25  |      -12.37  | *                                                    |
  |   30  -- 31  |       -3.86  | *                                                    |
 f+--------------+--------------+------------------------------------------------------+
Z 
p 
c2RECHERCHE DE PALIERS ENTRE (DIFFERENCES SECONDES)
 e+--------------+--------------+------------------------------------------------------+
 e|    PALIER    |  VALEUR DU   |                                                      |
 e|     ENTRE    |    PALIER    |                                                      |
 e+--------------+--------------+------------------------------------------------------+
  |    2  --  3  |     2435.09  | **************************************************** |
  |    5  --  6  |      578.89  | *************                                        |
  |    7  --  8  |      221.97  | *****                                                |
  |    4  --  5  |      194.76  | *****                                                |
  |   17  -- 18  |       73.61  | **                                                   |
  |    9  -- 10  |       71.22  | **                                                   |
  |   11  -- 12  |       50.55  | **                                                   |
  |   21  -- 22  |       49.31  | **                                                   |
  |   15  -- 16  |       38.38  | *                                                    |
  |   27  -- 28  |       36.82  | *                                                    |
  |   13  -- 14  |       32.29  | *                                                    |
  |   12  -- 13  |       27.71  | *                                                    |
  |   24  -- 25  |       27.40  | *                                                    |
  |   25  -- 26  |       15.04  | *                                                    |
  |   32  -- 33  |       12.45  | *                                                    |
  |   30  -- 31  |        6.35  | *                                                    |
  |   28  -- 29  |        1.81  | *                                                    |
 f+--------------+--------------+------------------------------------------------------+
Z 
p 
b2INTERVALLES LAPLACIENS D'ANDERSON
c2INTERVALLES AU SEUIL 0.95
 e+--------+--------------------------------------------------------+
 e| NUMERO | BORNE INFERIEURE     VALEUR PROPRE    BORNE SUPERIEURE |
 e+--------+--------------------------------------------------------+
  |    1   |      8.0393            10.0763            12.1134      |
  |    2   |      5.5796             6.9934             8.4071      |
  |    3   |      3.0480             3.8203             4.5926      |
  |    4   |      2.4592             3.0824             3.7055      |
  |    5   |      1.7446             2.1867             2.6288      |
 f+--------+--------------------------------------------------------+
Z 
p 
c2ETENDUE ET POSITION RELATIVE DES INTERVALLES
  1 . . . . . . . . . . . . . . . . . . . . . . . . . . . . . . . . . . . . . . .*------------------------+-------------------------*
  2 . . . . . . . . . . . . . . . . . . . . . . . .*----------------+-----------------* . . . . . . . . . . . . . . . . . . . . . . .
  3 . . . . . . . . *--------+---------*. . . . . . . . . . . . . . . . . . . . . . . . . . . . . . . . . . . . . . . . . . . . . . .
  4 . . . . *-------+-------* . . . . . . . . . . . . . . . . . . . . . . . . . . . . . . . . . . . . . . . . . . . . . . . . . . . .
  5 *----+----* . . . . . . . . . . . . . . . . . . . . . . . . . . . . . . . . . . . . . . . . . . . . . . . . . . . . . . . . . . .
 F
Z 
Z 
P 
b2COORDONNEES DES VARIABLES SUR LES AXES  1 A  5
c2VARIABLES ACTIVES
 e----------------------------+------------------------------------+-------------------------------+-------------------------------
 e         VARIABLES          |             COORDONNEES            | CORRELATIONS VARIABLE-FACTEUR |     ANCIENS AXES UNITAIRES
 e----------------------------+------------------------------------+-------------------------------+-------------------------------
 eIDEN - LIBELLE COURT        |    1      2      3      4      5   |    1     2     3     4     5  |    1     2     3     4     5
 e----------------------------+------------------------------------+-------------------------------+-------------------------------
  Ener - Energ_Kcal           |   0.66   0.30   0.25  -0.54  -0.13 |  0.66  0.30  0.25 -0.54 -0.13 |  0.21  0.11  0.13 -0.31 -0.08
  Prot - Protein_.g.          |   0.75   0.51  -0.10   0.27   0.00 |  0.75  0.51 -0.10  0.27  0.00 |  0.24  0.19 -0.05  0.15  0.00
  Lipi - Lipid_Tot_.g.        |   0.26   0.50   0.47  -0.62  -0.14 |  0.26  0.50  0.47 -0.62 -0.14 |  0.08  0.19  0.24 -0.36 -0.10
  Ash_ - Ash_.g.              |   0.71  -0.04   0.29  -0.03   0.51 |  0.71 -0.04  0.29 -0.03  0.51 |  0.22 -0.02  0.15 -0.02  0.35
  Carb - Carbohydrt_.g.       |   0.49  -0.63  -0.22  -0.21  -0.03 |  0.49 -0.63 -0.22 -0.21 -0.03 |  0.15 -0.24 -0.11 -0.12 -0.02
  Fibe - Fiber_TD_.g.         |   0.51  -0.71  -0.07  -0.16  -0.08 |  0.51 -0.71 -0.07 -0.16 -0.08 |  0.16 -0.27 -0.04 -0.09 -0.05
  Suga - Sugar_Tot_.g.        |  -0.35  -0.50  -0.14  -0.30  -0.02 | -0.35 -0.50 -0.14 -0.30 -0.02 | -0.11 -0.19 -0.07 -0.17 -0.02
  Calc - Calcium_.mg.         |   0.29  -0.09   0.54  -0.01   0.59 |  0.29 -0.09  0.54 -0.01  0.59 |  0.09 -0.04  0.28 -0.01  0.40
  Iron - Iron_.mg.            |   0.80  -0.36  -0.04   0.07  -0.03 |  0.80 -0.36 -0.04  0.07 -0.03 |  0.25 -0.14 -0.02  0.04 -0.02
  Magn - Magnesium_.mg.       |   0.79  -0.43  -0.01   0.00  -0.06 |  0.79 -0.43 -0.01  0.00 -0.06 |  0.25 -0.16 -0.01  0.00 -0.04
  Phos - Phosphorus_.mg.      |   0.82   0.28  -0.07   0.15   0.11 |  0.82  0.28 -0.07  0.15  0.11 |  0.26  0.11 -0.03  0.09  0.07
  Pota - Potassium_.mg.       |   0.71  -0.43  -0.15   0.04  -0.11 |  0.71 -0.43 -0.15  0.04 -0.11 |  0.22 -0.16 -0.07  0.02 -0.07
  Sodi - Sodium_.mg.          |   0.20   0.40   0.41  -0.15   0.68 |  0.20  0.40  0.41 -0.15  0.68 |  0.06  0.15  0.21 -0.08  0.46
  Zinc - Zinc_.mg.            |   0.69   0.25  -0.08   0.12   0.03 |  0.69  0.25 -0.08  0.12  0.03 |  0.22  0.09 -0.04  0.07  0.02
  Copp - Copper_mg.           |   0.61  -0.28  -0.05  -0.02  -0.04 |  0.61 -0.28 -0.05 -0.02 -0.04 |  0.19 -0.10 -0.03 -0.01 -0.02
  Mang - Manganese_.mg.       |   0.50  -0.45   0.09   0.01  -0.09 |  0.50 -0.45  0.09  0.01 -0.09 |  0.16 -0.17  0.05  0.01 -0.06
  Sele - Selenium_.µg.        |   0.38   0.58  -0.14   0.39  -0.03 |  0.38  0.58 -0.14  0.39 -0.03 |  0.12  0.22 -0.07  0.22 -0.02
  Vit_ - Vit_C_.mg.           |  -0.38  -0.45   0.07  -0.03  -0.04 | -0.38 -0.45  0.07 -0.03 -0.04 | -0.12 -0.17  0.04 -0.02 -0.03
  Thia - Thiamin_.mg.         |   0.70  -0.19  -0.16  -0.01  -0.19 |  0.70 -0.19 -0.16 -0.01 -0.19 |  0.22 -0.07 -0.08 -0.01 -0.13
  Ribo - Riboflavin_.mg.      |   0.53   0.24   0.25   0.23   0.26 |  0.53  0.24  0.25  0.23  0.26 |  0.17  0.09  0.13  0.13  0.18
  Niac - Niacin_.mg.          |   0.44   0.52  -0.13   0.30  -0.40 |  0.44  0.52 -0.13  0.30 -0.40 |  0.14  0.20 -0.07  0.17 -0.27
  Pant - Panto_Acid_mg.       |   0.66   0.16  -0.04   0.05  -0.02 |  0.66  0.16 -0.04  0.05 -0.02 |  0.21  0.06 -0.02  0.03 -0.01
  Vit_ - Vit_B6_.mg.          |   0.50   0.27  -0.12   0.41  -0.20 |  0.50  0.27 -0.12  0.41 -0.20 |  0.16  0.10 -0.06  0.24 -0.13
  Fola - Folate_Tot_.µg.      |   0.69  -0.58  -0.06  -0.15   0.08 |  0.69 -0.58 -0.06 -0.15  0.08 |  0.22 -0.22 -0.03 -0.09  0.06
  Food - Food_Folate_.µg.     |   0.69  -0.58  -0.06  -0.15   0.08 |  0.69 -0.58 -0.06 -0.15  0.08 |  0.22 -0.22 -0.03 -0.09  0.06
  Fola - Folate_DFE_.µg.      |   0.69  -0.58  -0.06  -0.15   0.08 |  0.69 -0.58 -0.06 -0.15  0.08 |  0.22 -0.22 -0.03 -0.09  0.06
  Chol - Choline_Tot_..mg.    |   0.66   0.45  -0.20   0.35  -0.13 |  0.66  0.45 -0.20  0.35 -0.13 |  0.21  0.17 -0.10  0.20 -0.09
  Vit_ - Vit_B12_.µg.         |   0.19   0.44  -0.03   0.27   0.06 |  0.19  0.44 -0.03  0.27  0.06 |  0.06  0.17 -0.02  0.16  0.04
  Vit_ - Vit_A_IU             |  -0.04  -0.32   0.75   0.35  -0.15 | -0.04 -0.32  0.75  0.35 -0.15 | -0.01 -0.12  0.39  0.20 -0.10
  Reti - Retinol_.µg.         |   0.09   0.38   0.36  -0.32   0.11 |  0.09  0.38  0.36 -0.32  0.11 |  0.03  0.14  0.18 -0.18  0.07
  Alph - Alpha_Carot_.µg.     |  -0.04  -0.30   0.60   0.33  -0.18 | -0.04 -0.30  0.60  0.33 -0.18 | -0.01 -0.11  0.31  0.19 -0.12
  Beta - Beta_Carot_.µg.      |  -0.05  -0.37   0.70   0.40  -0.16 | -0.05 -0.37  0.70  0.40 -0.16 | -0.02 -0.14  0.36  0.23 -0.11
  Beta - Beta_Crypt_.µg.      |  -0.23  -0.21   0.11  -0.05  -0.13 | -0.23 -0.21  0.11 -0.05 -0.13 | -0.07 -0.08  0.06 -0.03 -0.09
  Lyco - Lycopene_.µg.        |  -0.08  -0.05  -0.05  -0.05   0.02 | -0.08 -0.05 -0.05 -0.05  0.02 | -0.02 -0.02 -0.02 -0.03  0.01
  Lut. - Lut.Zea_..µg.        |  -0.07  -0.32   0.57   0.35  -0.12 | -0.07 -0.32  0.57  0.35 -0.12 | -0.02 -0.12  0.29  0.20 -0.08
  Vit_ - Vit_E_.mg.           |   0.14  -0.01   0.40  -0.08  -0.39 |  0.14 -0.01  0.40 -0.08 -0.39 |  0.05  0.00  0.21 -0.04 -0.26
  Vit_ - Vit_D_IU             |   0.08   0.31  -0.02   0.12  -0.19 |  0.08  0.31 -0.02  0.12 -0.19 |  0.02  0.12 -0.01  0.07 -0.13
  Vit_ - Vit_K_.µg.           |  -0.08  -0.34   0.59   0.35  -0.11 | -0.08 -0.34  0.59  0.35 -0.11 | -0.03 -0.13  0.30  0.20 -0.08
  FA_M - FA_Mono_.g.          |   0.28   0.49   0.41  -0.60  -0.29 |  0.28  0.49  0.41 -0.60 -0.29 |  0.09  0.18  0.21 -0.34 -0.20
  FA_P - FA_Poly_.g.          |   0.33   0.30   0.28  -0.49  -0.52 |  0.33  0.30  0.28 -0.49 -0.52 |  0.10  0.11  0.14 -0.28 -0.35
  Chol - Cholestrl_.mg.       |   0.28   0.78   0.21  -0.06   0.07 |  0.28  0.78  0.21 -0.06  0.07 |  0.09  0.30  0.11 -0.03  0.05
 f----------------------------+------------------------------------+-------------------------------+-------------------------------
Z 
p 
c2VARIABLES ILLUSTRATIVES
 e----------------------------+------------------------------------+-------------------------------+-------------------------------
 e         VARIABLES          |             COORDONNEES            | CORRELATIONS VARIABLE-FACTEUR |     ANCIENS AXES UNITAIRES
 e----------------------------+------------------------------------+-------------------------------+-------------------------------
 eIDEN - LIBELLE COURT        |    1      2      3      4      5   |    1     2     3     4     5  |    1     2     3     4     5
 e----------------------------+------------------------------------+-------------------------------+-------------------------------
  Wate - Water_.g.            |  -0.83  -0.03  -0.06   0.38   0.08 | -0.83 -0.03 -0.06  0.38  0.08 |
  FA_S - FA_Sat_.g.           |   0.17   0.46   0.48  -0.57   0.10 |  0.17  0.46  0.48 -0.57  0.10 |
 f----------------------------+------------------------------------+-------------------------------+-------------------------------
Z 
Z 
P 
b2COORDONNEES ET VALEURS-TEST DES MODALITES
c2AXES  1 A  5
 e+---------------------------------------------+-------------------------------+------------------------------------+----------+
 e|                  MODALITES                  |          VALEURS-TEST         |             COORDONNEES            |          |
 e|---------------------------------------------|-------------------------------|------------------------------------|----------|
 e| IDEN - LIBELLE               EFF.    P.ABS  |   1     2     3     4     5   |    1      2      3      4      5   |  DISTO.  |
 e+---------------------------------------------+-------------------------------+------------------------------------+----------+
DE|   44 . FdGrp_Desc                                                                                                           |
  | m1   - Beef Products           7      7.00  |   1.2   2.9  -1.1   2.5  -0.6 |   1.42   2.83  -0.82   1.61  -0.36 |    20.29 |
  | m2   - Cereal Grains and Pa    4      4.00  |   3.4  -1.6  -1.4  -0.4  -1.4 |   5.42  -2.11  -1.32  -0.36  -1.04 |    68.79 |
  | m3   - Dairy and Egg Produc    9      9.00  |   1.2   3.8   5.6  -4.8   7.3 |   1.29   3.25   3.56  -2.74   3.50 |    46.23 |
  | m4   - Finfish and Shellfis   38     38.00  |   1.7   6.4  -1.4   4.4   0.0 |   0.80   2.46  -0.39   1.13   0.01 |    10.62 |
  | m5   - Fruits and Fruit Jui   41     41.00  |  -6.5  -3.9  -2.2  -3.9  -0.8 |  -2.87  -1.44  -0.61  -0.95  -0.17 |    12.38 |
  | m6   - Lamb, Veal, and Game   11     11.00  |   1.9   4.0  -0.7   1.5  -1.3 |   1.80   3.11  -0.38   0.76  -0.58 |    19.07 |
  | m7   - Legumes and Legume P    8      8.00  |  10.1  -6.0  -1.9  -3.0  -0.6 |  11.08  -5.52  -1.32  -1.82  -0.31 |   160.83 |
  | m8   - Pork Products           5      5.00  |   1.4   2.7  -0.1  -0.4  -2.7 |   2.01   3.14  -0.06  -0.29  -1.77 |    26.86 |
  | m9   - Poultry Products        6      6.00  |   0.9   2.8   0.3  -0.6  -1.8 |   1.11   2.98   0.23  -0.41  -1.07 |    14.30 |
  | m10  - Vegetables and Veget   60     60.00  |  -4.0  -5.8   2.6   1.8   0.6 |  -1.35  -1.64   0.54   0.34   0.10 |     5.52 |
 F+---------------------------------------------+-------------------------------+------------------------------------+----------+
DE|   45 . Rec_Water_.g.                                                                                                        |
  | m1   - < 17.700               14     14.00  |   9.7  -4.3  -0.5  -5.0  -1.2 |   7.92  -2.95  -0.25  -2.27  -0.47 |    78.29 |
  | m2   - [17.700;33.700[         1      1.00  |   0.4   1.8   1.8  -4.2  -3.3 |   1.33   4.79   3.61  -7.30  -4.89 |   138.89 |
  | m3   - [33.700;49.700[         6      6.00  |   1.6   3.4   3.6  -3.7   2.7 |   2.08   3.66   2.84  -2.58   1.62 |    38.06 |
  | m4   - [49.700;65.700[        10     10.00  |   1.9   3.2   1.1  -0.1   1.0 |   1.83   2.63   0.68  -0.08   0.48 |    12.49 |
  | m5   - [65.700;81.700[        69     69.00  |   2.2   5.4  -1.8   5.5  -1.3 |   0.68   1.37  -0.33   0.92  -0.19 |     3.49 |
  | m6   - >= 81.700              89     89.00  |  -8.7  -5.8  -0.1  -0.7   1.0 |  -2.13  -1.19  -0.01  -0.09   0.11 |     6.11 |
 F+---------------------------------------------+-------------------------------+------------------------------------+----------+
DE|   46 . Rec_FA_Sat_.g.                                                                                                       |
  | m1   - < 5.944               173    173.00  |  -3.2  -5.8  -5.9   7.1  -1.2 |  -0.23  -0.34  -0.26   0.28  -0.04 |     0.32 |
  | m2   - [5.944;11.883[          5      5.00  |   2.6   2.4   0.9  -1.9  -3.3 |   3.63   2.82   0.75  -1.45  -2.15 |    34.05 |
  | m3   - [11.883;17.821[         6      6.00  |   1.6   3.4   3.3  -3.2   2.7 |   2.11   3.58   2.60  -2.26   1.58 |    35.07 |
  | m4   - [17.821;23.760[         3      3.00  |   1.4   2.6   3.8  -3.8   3.2 |   2.58   4.02   4.32  -3.84   2.68 |    72.46 |
  | m5   - >= 23.760               2      2.00  |   0.1   3.0   4.5  -6.4   0.0 |   0.26   5.64   6.16  -7.88   0.04 |   156.68 |
 F+---------------------------------------------+-------------------------------+------------------------------------+----------+
Z 
Z 
Z 
P 
